[2025-12-16 10:39:28] SETUP: Starting Interactive Hanabi Launch (Players: 2, Episodes: 1, Config: BeliefGraphAgent:probabilistic,BeliefGraphAgent:probabilistic)
[2025-12-16 10:39:28] SETUP: Activating virtual environment...
[2025-12-16 10:39:28] SETUP: Upgrading pip...
Requirement already satisfied: pip in ./venv/lib/python3.12/site-packages (25.3)
[2025-12-16 10:39:29] SETUP: Installing build dependencies...
Requirement already satisfied: setuptools in ./venv/lib/python3.12/site-packages (80.9.0)
Requirement already satisfied: wheel in ./venv/lib/python3.12/site-packages (0.45.1)
Requirement already satisfied: scikit-build in ./venv/lib/python3.12/site-packages (0.18.1)
Requirement already satisfied: cmake in ./venv/lib/python3.12/site-packages (4.2.0)
Requirement already satisfied: ninja in ./venv/lib/python3.12/site-packages (1.13.0)
Requirement already satisfied: distro in ./venv/lib/python3.12/site-packages (from scikit-build) (1.9.0)
Requirement already satisfied: packaging in ./venv/lib/python3.12/site-packages (from scikit-build) (25.0)
[2025-12-16 10:39:29] SETUP: Cleaning previous builds...
[2025-12-16 10:39:29] SETUP: Installing hanabi_learning_environment package...
Processing /Users/yashpanwar/VSCodeCursorProjects/hanabi-belief-graph
  Installing build dependencies: started
  Installing build dependencies: finished with status 'done'
  Getting requirements to build wheel: started
  Getting requirements to build wheel: finished with status 'done'
  Preparing metadata (pyproject.toml): started
  Preparing metadata (pyproject.toml): finished with status 'done'
Requirement already satisfied: cffi in ./venv/lib/python3.12/site-packages (from hanabi_learning_environment==0.0.1) (2.0.0)
Requirement already satisfied: pycparser in ./venv/lib/python3.12/site-packages (from cffi->hanabi_learning_environment==0.0.1) (2.23)
Building wheels for collected packages: hanabi_learning_environment
  Building wheel for hanabi_learning_environment (pyproject.toml): started
  Building wheel for hanabi_learning_environment (pyproject.toml): finished with status 'done'
  Created wheel for hanabi_learning_environment: filename=hanabi_learning_environment-0.0.1-cp312-cp312-macosx_15_0_arm64.whl size=118609 sha256=c17e6d3868b54527ccba70296bae41007e395e1b5138612bace0724dcb037911
  Stored in directory: /Users/yashpanwar/Library/Caches/pip/wheels/e5/6b/73/cd1b5cc7fa18e1dae302a869fac493fc181df26fb79a570158
Successfully built hanabi_learning_environment
Installing collected packages: hanabi_learning_environment
  Attempting uninstall: hanabi_learning_environment
    Found existing installation: hanabi_learning_environment 0.0.1
    Uninstalling hanabi_learning_environment-0.0.1:
      Successfully uninstalled hanabi_learning_environment-0.0.1
Successfully installed hanabi_learning_environment-0.0.1
[2025-12-16 10:39:39] SETUP: Installing runtime dependencies...
Requirement already satisfied: numpy in ./venv/lib/python3.12/site-packages (2.3.5)
Requirement already satisfied: google-generativeai in ./venv/lib/python3.12/site-packages (0.8.5)
Requirement already satisfied: python-dotenv in ./venv/lib/python3.12/site-packages (1.2.1)
Requirement already satisfied: google-ai-generativelanguage==0.6.15 in ./venv/lib/python3.12/site-packages (from google-generativeai) (0.6.15)
Requirement already satisfied: google-api-core in ./venv/lib/python3.12/site-packages (from google-generativeai) (2.28.1)
Requirement already satisfied: google-api-python-client in ./venv/lib/python3.12/site-packages (from google-generativeai) (2.187.0)
Requirement already satisfied: google-auth>=2.15.0 in ./venv/lib/python3.12/site-packages (from google-generativeai) (2.44.0)
Requirement already satisfied: protobuf in ./venv/lib/python3.12/site-packages (from google-generativeai) (5.29.5)
Requirement already satisfied: pydantic in ./venv/lib/python3.12/site-packages (from google-generativeai) (2.12.5)
Requirement already satisfied: tqdm in ./venv/lib/python3.12/site-packages (from google-generativeai) (4.67.1)
Requirement already satisfied: typing-extensions in ./venv/lib/python3.12/site-packages (from google-generativeai) (4.15.0)
Requirement already satisfied: proto-plus<2.0.0dev,>=1.22.3 in ./venv/lib/python3.12/site-packages (from google-ai-generativelanguage==0.6.15->google-generativeai) (1.26.1)
Requirement already satisfied: googleapis-common-protos<2.0.0,>=1.56.2 in ./venv/lib/python3.12/site-packages (from google-api-core->google-generativeai) (1.72.0)
Requirement already satisfied: requests<3.0.0,>=2.18.0 in ./venv/lib/python3.12/site-packages (from google-api-core->google-generativeai) (2.32.5)
Requirement already satisfied: grpcio<2.0.0,>=1.33.2 in ./venv/lib/python3.12/site-packages (from google-api-core[grpc]!=2.0.*,!=2.1.*,!=2.10.*,!=2.2.*,!=2.3.*,!=2.4.*,!=2.5.*,!=2.6.*,!=2.7.*,!=2.8.*,!=2.9.*,<3.0.0dev,>=1.34.1->google-ai-generativelanguage==0.6.15->google-generativeai) (1.76.0)
Requirement already satisfied: grpcio-status<2.0.0,>=1.33.2 in ./venv/lib/python3.12/site-packages (from google-api-core[grpc]!=2.0.*,!=2.1.*,!=2.10.*,!=2.2.*,!=2.3.*,!=2.4.*,!=2.5.*,!=2.6.*,!=2.7.*,!=2.8.*,!=2.9.*,<3.0.0dev,>=1.34.1->google-ai-generativelanguage==0.6.15->google-generativeai) (1.71.2)
Requirement already satisfied: cachetools<7.0,>=2.0.0 in ./venv/lib/python3.12/site-packages (from google-auth>=2.15.0->google-generativeai) (6.2.4)
Requirement already satisfied: pyasn1-modules>=0.2.1 in ./venv/lib/python3.12/site-packages (from google-auth>=2.15.0->google-generativeai) (0.4.2)
Requirement already satisfied: rsa<5,>=3.1.4 in ./venv/lib/python3.12/site-packages (from google-auth>=2.15.0->google-generativeai) (4.9.1)
Requirement already satisfied: charset_normalizer<4,>=2 in ./venv/lib/python3.12/site-packages (from requests<3.0.0,>=2.18.0->google-api-core->google-generativeai) (3.4.4)
Requirement already satisfied: idna<4,>=2.5 in ./venv/lib/python3.12/site-packages (from requests<3.0.0,>=2.18.0->google-api-core->google-generativeai) (3.11)
Requirement already satisfied: urllib3<3,>=1.21.1 in ./venv/lib/python3.12/site-packages (from requests<3.0.0,>=2.18.0->google-api-core->google-generativeai) (2.6.2)
Requirement already satisfied: certifi>=2017.4.17 in ./venv/lib/python3.12/site-packages (from requests<3.0.0,>=2.18.0->google-api-core->google-generativeai) (2025.11.12)
Requirement already satisfied: pyasn1>=0.1.3 in ./venv/lib/python3.12/site-packages (from rsa<5,>=3.1.4->google-auth>=2.15.0->google-generativeai) (0.6.1)
Requirement already satisfied: httplib2<1.0.0,>=0.19.0 in ./venv/lib/python3.12/site-packages (from google-api-python-client->google-generativeai) (0.31.0)
Requirement already satisfied: google-auth-httplib2<1.0.0,>=0.2.0 in ./venv/lib/python3.12/site-packages (from google-api-python-client->google-generativeai) (0.2.1)
Requirement already satisfied: uritemplate<5,>=3.0.1 in ./venv/lib/python3.12/site-packages (from google-api-python-client->google-generativeai) (4.2.0)
Requirement already satisfied: pyparsing<4,>=3.0.4 in ./venv/lib/python3.12/site-packages (from httplib2<1.0.0,>=0.19.0->google-api-python-client->google-generativeai) (3.2.5)
Requirement already satisfied: annotated-types>=0.6.0 in ./venv/lib/python3.12/site-packages (from pydantic->google-generativeai) (0.7.0)
Requirement already satisfied: pydantic-core==2.41.5 in ./venv/lib/python3.12/site-packages (from pydantic->google-generativeai) (2.41.5)
Requirement already satisfied: typing-inspection>=0.4.2 in ./venv/lib/python3.12/site-packages (from pydantic->google-generativeai) (0.4.2)
[2025-12-16 10:39:40] SETUP: Dependencies installed successfully
[2025-12-16 10:39:40] SETUP: Running mixed agents game (Players: 2, Episodes: 1, Config: BeliefGraphAgent:probabilistic,BeliefGraphAgent:probabilistic)
[2025-12-16 10:49:56] SETUP: Game completed successfully
