[TerminalLogger] Started logging to: logs/terminal/terminal_20251227_130501.log
[TerminalLogger] Timestamp: 2025-12-27 13:05:01
================================================================================
Starting 1 episodes with 2 players
Agent configuration:
  Player 1: BeliefGraphAgent (probabilistic)
  Player 2: BeliefGraphAgent (probabilistic)
Created Player 1: BeliefGraphAgent (probabilistic)
Created Player 2: BeliefGraphAgent (probabilistic)

============================================================
EPISODE 1 START
============================================================

--- Turn 1: Player 1 (BeliefGraphProbabilisticAgent) ---
Information tokens: 8/8
Life tokens: 3/3
Fireworks: {'R': 0, 'Y': 0, 'G': 0, 'W': 0, 'B': 0}
[GAME_STATE_TRACKER] 🔄 Updating visible cards for observer P1
[GAME_STATE_TRACKER] 👀 Observed hands: 2 players
[GAME_STATE_TRACKER] 🃏 Updated P2 hand:
  Before: []
  After:  [('W', 4), ('R', 2), ('G', 1), ('W', 3), ('Y', 4)]
[GAME_STATE_TRACKER] 🎮 Game state updated:
  📊 Deck: 50 → 40
[GAME_STATE_TRACKER] 📈 Current state: 0 fireworks built, 3 lives, 8 clues, 40 cards in deck
Action: {'action_type': 'REVEAL_RANK', 'card_index': None, 'color': None, 'rank': 4, 'target_offset': 1}
[GAME_STATE_TRACKER] 🔄 Updating visible cards for observer P2
[GAME_STATE_TRACKER] 👀 Observed hands: 2 players
[GAME_STATE_TRACKER] 🃏 Updated P1 hand:
  Before: []
  After:  [('B', 4), ('W', 0), ('W', 2), ('G', 0), ('B', 3)]
[GAME_STATE_TRACKER] 🔄 Updating visible cards for observer P1
[GAME_STATE_TRACKER] 👀 Observed hands: 2 players
[GAME_STATE_TRACKER] 🎮 Game state updated:
  📊 Clues: 8 → 7
[GAME_STATE_TRACKER] 📈 Current state: 0 fireworks built, 3 lives, 7 clues, 40 cards in deck

--- Turn 2: Player 2 (BeliefGraphProbabilisticAgent) ---
Information tokens: 7/8
Life tokens: 3/3
Fireworks: {'R': 0, 'Y': 0, 'G': 0, 'W': 0, 'B': 0}
[GAME_STATE_TRACKER] 🔄 Updating visible cards for observer P2
[GAME_STATE_TRACKER] 👀 Observed hands: 2 players
Action: {'action_type': 'REVEAL_RANK', 'card_index': None, 'color': None, 'rank': 0, 'target_offset': 1}

--- Turn 3: Player 1 (BeliefGraphProbabilisticAgent) ---
Information tokens: 6/8
Life tokens: 3/3
Fireworks: {'R': 0, 'Y': 0, 'G': 0, 'W': 0, 'B': 0}
[GAME_STATE_TRACKER] 🔄 Updating visible cards for observer P1
[GAME_STATE_TRACKER] 👀 Observed hands: 2 players
[GAME_STATE_TRACKER] 🎮 Game state updated:
  📊 Clues: 7 → 6
[GAME_STATE_TRACKER] 📈 Current state: 0 fireworks built, 3 lives, 6 clues, 40 cards in deck
Action: {'action_type': 'PLAY', 'card_index': 1, 'color': None, 'rank': None, 'target_offset': None}
[GAME_STATE_TRACKER] 🔄 Updating visible cards for observer P2
[GAME_STATE_TRACKER] 👀 Observed hands: 2 players
[GAME_STATE_TRACKER] 🔄 Updating visible cards for observer P1
[GAME_STATE_TRACKER] 👀 Observed hands: 2 players
[GAME_STATE_TRACKER] 🎮 Game state updated:
  📊 Firework W: 0 → 1
  📊 Deck: 40 → 39
[GAME_STATE_TRACKER] 📈 Current state: 1 fireworks built, 3 lives, 6 clues, 39 cards in deck

--- Turn 4: Player 2 (BeliefGraphProbabilisticAgent) ---
Information tokens: 6/8
Life tokens: 3/3
Fireworks: {'R': 0, 'Y': 0, 'G': 0, 'W': 1, 'B': 0}
[GAME_STATE_TRACKER] 🔄 Updating visible cards for observer P2
[GAME_STATE_TRACKER] 👀 Observed hands: 2 players
[GAME_STATE_TRACKER] 🃏 Updated P1 hand:
  Before: [('B', 4), ('W', 0), ('W', 2), ('G', 0), ('B', 3)]
  After:  [('B', 4), ('W', 2), ('G', 0), ('B', 3), ('W', 0)]
    Card 1: W 1 → W 3
    Card 2: W 3 → G 1
    Card 3: G 1 → B 4
    Card 4: B 4 → W 1
Action: {'action_type': 'REVEAL_COLOR', 'card_index': None, 'color': 'G', 'rank': None, 'target_offset': 1}

--- Turn 5: Player 1 (BeliefGraphProbabilisticAgent) ---
Information tokens: 5/8
Life tokens: 3/3
Fireworks: {'R': 0, 'Y': 0, 'G': 0, 'W': 1, 'B': 0}
[GAME_STATE_TRACKER] 🔄 Updating visible cards for observer P1
[GAME_STATE_TRACKER] 👀 Observed hands: 2 players
[GAME_STATE_TRACKER] 🎮 Game state updated:
  📊 Clues: 6 → 5
[GAME_STATE_TRACKER] 📈 Current state: 1 fireworks built, 3 lives, 5 clues, 39 cards in deck
Action: {'action_type': 'PLAY', 'card_index': 2, 'color': None, 'rank': None, 'target_offset': None}
[GAME_STATE_TRACKER] 🔄 Updating visible cards for observer P2
[GAME_STATE_TRACKER] 👀 Observed hands: 2 players
[GAME_STATE_TRACKER] 🔄 Updating visible cards for observer P1
[GAME_STATE_TRACKER] 👀 Observed hands: 2 players
[GAME_STATE_TRACKER] 🎮 Game state updated:
  📊 Firework G: 0 → 1
  📊 Deck: 39 → 38
[GAME_STATE_TRACKER] 📈 Current state: 2 fireworks built, 3 lives, 5 clues, 38 cards in deck

--- Turn 6: Player 2 (BeliefGraphProbabilisticAgent) ---
Information tokens: 5/8
Life tokens: 3/3
Fireworks: {'R': 0, 'Y': 0, 'G': 1, 'W': 1, 'B': 0}
[GAME_STATE_TRACKER] 🔄 Updating visible cards for observer P2
[GAME_STATE_TRACKER] 👀 Observed hands: 2 players
[GAME_STATE_TRACKER] 🃏 Updated P1 hand:
  Before: [('B', 4), ('W', 2), ('G', 0), ('B', 3), ('W', 0)]
  After:  [('B', 4), ('W', 2), ('B', 3), ('W', 0), ('R', 1)]
    Card 2: G 1 → B 4
    Card 3: B 4 → W 1
    Card 4: W 1 → R 2
Action: {'action_type': 'REVEAL_RANK', 'card_index': None, 'color': None, 'rank': 4, 'target_offset': 1}

--- Turn 7: Player 1 (BeliefGraphProbabilisticAgent) ---
Information tokens: 4/8
Life tokens: 3/3
Fireworks: {'R': 0, 'Y': 0, 'G': 1, 'W': 1, 'B': 0}
[GAME_STATE_TRACKER] 🔄 Updating visible cards for observer P1
[GAME_STATE_TRACKER] 👀 Observed hands: 2 players
[GAME_STATE_TRACKER] 🎮 Game state updated:
  📊 Clues: 5 → 4
[GAME_STATE_TRACKER] 📈 Current state: 2 fireworks built, 3 lives, 4 clues, 38 cards in deck
Action: {'action_type': 'REVEAL_RANK', 'card_index': None, 'color': None, 'rank': 1, 'target_offset': 1}
[GAME_STATE_TRACKER] 🔄 Updating visible cards for observer P2
[GAME_STATE_TRACKER] 👀 Observed hands: 2 players
[GAME_STATE_TRACKER] 🔄 Updating visible cards for observer P1
[GAME_STATE_TRACKER] 👀 Observed hands: 2 players
[GAME_STATE_TRACKER] 🎮 Game state updated:
  📊 Clues: 4 → 3
[GAME_STATE_TRACKER] 📈 Current state: 2 fireworks built, 3 lives, 3 clues, 38 cards in deck

--- Turn 8: Player 2 (BeliefGraphProbabilisticAgent) ---
Information tokens: 3/8
Life tokens: 3/3
Fireworks: {'R': 0, 'Y': 0, 'G': 1, 'W': 1, 'B': 0}
[GAME_STATE_TRACKER] 🔄 Updating visible cards for observer P2
[GAME_STATE_TRACKER] 👀 Observed hands: 2 players
Action: {'action_type': 'PLAY', 'card_index': 2, 'color': None, 'rank': None, 'target_offset': None}

--- Turn 9: Player 1 (BeliefGraphProbabilisticAgent) ---
Information tokens: 3/8
Life tokens: 3/3
Fireworks: {'R': 0, 'Y': 0, 'G': 2, 'W': 1, 'B': 0}
[GAME_STATE_TRACKER] 🔄 Updating visible cards for observer P1
[GAME_STATE_TRACKER] 👀 Observed hands: 2 players
[GAME_STATE_TRACKER] 🃏 Updated P2 hand:
  Before: [('W', 4), ('R', 2), ('G', 1), ('W', 3), ('Y', 4)]
  After:  [('W', 4), ('R', 2), ('W', 3), ('Y', 4), ('Y', 1)]
    Card 2: G 2 → W 4
    Card 3: W 4 → Y 5
    Card 4: Y 5 → Y 2
[GAME_STATE_TRACKER] 🎮 Game state updated:
  📊 Firework G: 1 → 2
  📊 Deck: 38 → 37
[GAME_STATE_TRACKER] 📈 Current state: 3 fireworks built, 3 lives, 3 clues, 37 cards in deck
Action: {'action_type': 'REVEAL_COLOR', 'card_index': None, 'color': 'Y', 'rank': None, 'target_offset': 1}
[GAME_STATE_TRACKER] 🔄 Updating visible cards for observer P2
[GAME_STATE_TRACKER] 👀 Observed hands: 2 players
[GAME_STATE_TRACKER] 🔄 Updating visible cards for observer P1
[GAME_STATE_TRACKER] 👀 Observed hands: 2 players
[GAME_STATE_TRACKER] 🎮 Game state updated:
  📊 Clues: 3 → 2
[GAME_STATE_TRACKER] 📈 Current state: 3 fireworks built, 3 lives, 2 clues, 37 cards in deck

--- Turn 10: Player 2 (BeliefGraphProbabilisticAgent) ---
Information tokens: 2/8
Life tokens: 3/3
Fireworks: {'R': 0, 'Y': 0, 'G': 2, 'W': 1, 'B': 0}
[GAME_STATE_TRACKER] 🔄 Updating visible cards for observer P2
[GAME_STATE_TRACKER] 👀 Observed hands: 2 players
Action: {'action_type': 'REVEAL_COLOR', 'card_index': None, 'color': 'W', 'rank': None, 'target_offset': 1}

--- Turn 11: Player 1 (BeliefGraphProbabilisticAgent) ---
Information tokens: 1/8
Life tokens: 3/3
Fireworks: {'R': 0, 'Y': 0, 'G': 2, 'W': 1, 'B': 0}
[GAME_STATE_TRACKER] 🔄 Updating visible cards for observer P1
[GAME_STATE_TRACKER] 👀 Observed hands: 2 players
[GAME_STATE_TRACKER] 🎮 Game state updated:
  📊 Clues: 2 → 1
[GAME_STATE_TRACKER] 📈 Current state: 3 fireworks built, 3 lives, 1 clues, 37 cards in deck
Action: {'action_type': 'DISCARD', 'card_index': 2, 'color': None, 'rank': None, 'target_offset': None}
[GAME_STATE_TRACKER] 🔄 Updating visible cards for observer P2
[GAME_STATE_TRACKER] 👀 Observed hands: 2 players
[GAME_STATE_TRACKER] 🔄 Updating visible cards for observer P1
[GAME_STATE_TRACKER] 👀 Observed hands: 2 players
[GAME_STATE_TRACKER] 🎮 Game state updated:
  📊 Clues: 1 → 2
  📊 Deck: 37 → 36
[GAME_STATE_TRACKER] 📈 Current state: 3 fireworks built, 3 lives, 2 clues, 36 cards in deck

--- Turn 12: Player 2 (BeliefGraphProbabilisticAgent) ---
Information tokens: 2/8
Life tokens: 3/3
Fireworks: {'R': 0, 'Y': 0, 'G': 2, 'W': 1, 'B': 0}
[GAME_STATE_TRACKER] 🔄 Updating visible cards for observer P2
[GAME_STATE_TRACKER] 👀 Observed hands: 2 players
[GAME_STATE_TRACKER] 🃏 Updated P1 hand:
  Before: [('B', 4), ('W', 2), ('B', 3), ('W', 0), ('R', 1)]
  After:  [('B', 4), ('W', 2), ('W', 0), ('R', 1), ('G', 2)]
    Card 2: B 4 → W 1
    Card 3: W 1 → R 2
    Card 4: R 2 → G 3
Action: {'action_type': 'REVEAL_RANK', 'card_index': None, 'color': None, 'rank': 0, 'target_offset': 1}

--- Turn 13: Player 1 (BeliefGraphProbabilisticAgent) ---
Information tokens: 1/8
Life tokens: 3/3
Fireworks: {'R': 0, 'Y': 0, 'G': 2, 'W': 1, 'B': 0}
[GAME_STATE_TRACKER] 🔄 Updating visible cards for observer P1
[GAME_STATE_TRACKER] 👀 Observed hands: 2 players
[GAME_STATE_TRACKER] 🎮 Game state updated:
  📊 Clues: 2 → 1
[GAME_STATE_TRACKER] 📈 Current state: 3 fireworks built, 3 lives, 1 clues, 36 cards in deck
Action: {'action_type': 'DISCARD', 'card_index': 2, 'color': None, 'rank': None, 'target_offset': None}
[GAME_STATE_TRACKER] 🔄 Updating visible cards for observer P2
[GAME_STATE_TRACKER] 👀 Observed hands: 2 players
[GAME_STATE_TRACKER] 🔄 Updating visible cards for observer P1
[GAME_STATE_TRACKER] 👀 Observed hands: 2 players
[GAME_STATE_TRACKER] 🎮 Game state updated:
  📊 Clues: 1 → 2
  📊 Deck: 36 → 35
[GAME_STATE_TRACKER] 📈 Current state: 3 fireworks built, 3 lives, 2 clues, 35 cards in deck

--- Turn 14: Player 2 (BeliefGraphProbabilisticAgent) ---
Information tokens: 2/8
Life tokens: 3/3
Fireworks: {'R': 0, 'Y': 0, 'G': 2, 'W': 1, 'B': 0}
[GAME_STATE_TRACKER] 🔄 Updating visible cards for observer P2
[GAME_STATE_TRACKER] 👀 Observed hands: 2 players
[GAME_STATE_TRACKER] 🃏 Updated P1 hand:
  Before: [('B', 4), ('W', 2), ('W', 0), ('R', 1), ('G', 2)]
  After:  [('B', 4), ('W', 2), ('R', 1), ('G', 2), ('Y', 0)]
    Card 2: W 1 → R 2
    Card 3: R 2 → G 3
    Card 4: G 3 → Y 1
Action: {'action_type': 'REVEAL_RANK', 'card_index': None, 'color': None, 'rank': 0, 'target_offset': 1}

--- Turn 15: Player 1 (BeliefGraphProbabilisticAgent) ---
Information tokens: 1/8
Life tokens: 3/3
Fireworks: {'R': 0, 'Y': 0, 'G': 2, 'W': 1, 'B': 0}
[GAME_STATE_TRACKER] 🔄 Updating visible cards for observer P1
[GAME_STATE_TRACKER] 👀 Observed hands: 2 players
[GAME_STATE_TRACKER] 🎮 Game state updated:
  📊 Clues: 2 → 1
[GAME_STATE_TRACKER] 📈 Current state: 3 fireworks built, 3 lives, 1 clues, 35 cards in deck
Action: {'action_type': 'REVEAL_COLOR', 'card_index': None, 'color': 'W', 'rank': None, 'target_offset': 1}
[GAME_STATE_TRACKER] 🔄 Updating visible cards for observer P2
[GAME_STATE_TRACKER] 👀 Observed hands: 2 players
[GAME_STATE_TRACKER] 🔄 Updating visible cards for observer P1
[GAME_STATE_TRACKER] 👀 Observed hands: 2 players
[GAME_STATE_TRACKER] 🎮 Game state updated:
  📊 Clues: 1 → 0
[GAME_STATE_TRACKER] 📈 Current state: 3 fireworks built, 3 lives, 0 clues, 35 cards in deck

--- Turn 16: Player 2 (BeliefGraphProbabilisticAgent) ---
Information tokens: 0/8
Life tokens: 3/3
Fireworks: {'R': 0, 'Y': 0, 'G': 2, 'W': 1, 'B': 0}
[GAME_STATE_TRACKER] 🔄 Updating visible cards for observer P2
[GAME_STATE_TRACKER] 👀 Observed hands: 2 players
Action: {'action_type': 'DISCARD', 'card_index': 4, 'color': None, 'rank': None, 'target_offset': None}

--- Turn 17: Player 1 (BeliefGraphProbabilisticAgent) ---
Information tokens: 1/8
Life tokens: 3/3
Fireworks: {'R': 0, 'Y': 0, 'G': 2, 'W': 1, 'B': 0}
[GAME_STATE_TRACKER] 🔄 Updating visible cards for observer P1
[GAME_STATE_TRACKER] 👀 Observed hands: 2 players
[GAME_STATE_TRACKER] 🃏 Updated P2 hand:
  Before: [('W', 4), ('R', 2), ('W', 3), ('Y', 4), ('Y', 1)]
  After:  [('W', 4), ('R', 2), ('W', 3), ('Y', 4), ('G', 3)]
    Card 4: Y 2 → G 4
[GAME_STATE_TRACKER] 🎮 Game state updated:
  📊 Clues: 0 → 1
  📊 Deck: 35 → 34
[GAME_STATE_TRACKER] 📈 Current state: 3 fireworks built, 3 lives, 1 clues, 34 cards in deck
Action: {'action_type': 'DISCARD', 'card_index': 2, 'color': None, 'rank': None, 'target_offset': None}
[GAME_STATE_TRACKER] 🔄 Updating visible cards for observer P2
[GAME_STATE_TRACKER] 👀 Observed hands: 2 players
[GAME_STATE_TRACKER] 🔄 Updating visible cards for observer P1
[GAME_STATE_TRACKER] 👀 Observed hands: 2 players
[GAME_STATE_TRACKER] 🎮 Game state updated:
  📊 Clues: 1 → 2
  📊 Deck: 34 → 33
[GAME_STATE_TRACKER] 📈 Current state: 3 fireworks built, 3 lives, 2 clues, 33 cards in deck

--- Turn 18: Player 2 (BeliefGraphProbabilisticAgent) ---
Information tokens: 2/8
Life tokens: 3/3
Fireworks: {'R': 0, 'Y': 0, 'G': 2, 'W': 1, 'B': 0}
[GAME_STATE_TRACKER] 🔄 Updating visible cards for observer P2
[GAME_STATE_TRACKER] 👀 Observed hands: 2 players
[GAME_STATE_TRACKER] 🃏 Updated P1 hand:
  Before: [('B', 4), ('W', 2), ('R', 1), ('G', 2), ('Y', 0)]
  After:  [('B', 4), ('W', 2), ('G', 2), ('Y', 0), ('Y', 0)]
    Card 2: R 2 → G 3
    Card 3: G 3 → Y 1
Action: {'action_type': 'REVEAL_RANK', 'card_index': None, 'color': None, 'rank': 0, 'target_offset': 1}

--- Turn 19: Player 1 (BeliefGraphProbabilisticAgent) ---
Information tokens: 1/8
Life tokens: 3/3
Fireworks: {'R': 0, 'Y': 0, 'G': 2, 'W': 1, 'B': 0}
[GAME_STATE_TRACKER] 🔄 Updating visible cards for observer P1
[GAME_STATE_TRACKER] 👀 Observed hands: 2 players
[GAME_STATE_TRACKER] 🎮 Game state updated:
  📊 Clues: 2 → 1
[GAME_STATE_TRACKER] 📈 Current state: 3 fireworks built, 3 lives, 1 clues, 33 cards in deck
Action: {'action_type': 'DISCARD', 'card_index': 2, 'color': None, 'rank': None, 'target_offset': None}
[GAME_STATE_TRACKER] 🔄 Updating visible cards for observer P2
[GAME_STATE_TRACKER] 👀 Observed hands: 2 players
[GAME_STATE_TRACKER] 🔄 Updating visible cards for observer P1
[GAME_STATE_TRACKER] 👀 Observed hands: 2 players
[GAME_STATE_TRACKER] 🎮 Game state updated:
  📊 Clues: 1 → 2
  📊 Deck: 33 → 32
[GAME_STATE_TRACKER] 📈 Current state: 3 fireworks built, 3 lives, 2 clues, 32 cards in deck

--- Turn 20: Player 2 (BeliefGraphProbabilisticAgent) ---
Information tokens: 2/8
Life tokens: 3/3
Fireworks: {'R': 0, 'Y': 0, 'G': 2, 'W': 1, 'B': 0}
[GAME_STATE_TRACKER] 🔄 Updating visible cards for observer P2
[GAME_STATE_TRACKER] 👀 Observed hands: 2 players
[GAME_STATE_TRACKER] 🃏 Updated P1 hand:
  Before: [('B', 4), ('W', 2), ('G', 2), ('Y', 0), ('Y', 0)]
  After:  [('B', 4), ('W', 2), ('Y', 0), ('Y', 0), ('R', 4)]
    Card 2: G 3 → Y 1
    Card 4: Y 1 → R 5
Action: {'action_type': 'REVEAL_RANK', 'card_index': None, 'color': None, 'rank': 0, 'target_offset': 1}

--- Turn 21: Player 1 (BeliefGraphProbabilisticAgent) ---
Information tokens: 1/8
Life tokens: 3/3
Fireworks: {'R': 0, 'Y': 0, 'G': 2, 'W': 1, 'B': 0}
[GAME_STATE_TRACKER] 🔄 Updating visible cards for observer P1
[GAME_STATE_TRACKER] 👀 Observed hands: 2 players
[GAME_STATE_TRACKER] 🎮 Game state updated:
  📊 Clues: 2 → 1
[GAME_STATE_TRACKER] 📈 Current state: 3 fireworks built, 3 lives, 1 clues, 32 cards in deck
Action: {'action_type': 'DISCARD', 'card_index': 4, 'color': None, 'rank': None, 'target_offset': None}
[GAME_STATE_TRACKER] 🔄 Updating visible cards for observer P2
[GAME_STATE_TRACKER] 👀 Observed hands: 2 players
[GAME_STATE_TRACKER] 🔄 Updating visible cards for observer P1
[GAME_STATE_TRACKER] 👀 Observed hands: 2 players
[GAME_STATE_TRACKER] 🎮 Game state updated:
  📊 Clues: 1 → 2
  📊 Deck: 32 → 31
[GAME_STATE_TRACKER] 📈 Current state: 3 fireworks built, 3 lives, 2 clues, 31 cards in deck

--- Turn 22: Player 2 (BeliefGraphProbabilisticAgent) ---
Information tokens: 2/8
Life tokens: 3/3
Fireworks: {'R': 0, 'Y': 0, 'G': 2, 'W': 1, 'B': 0}
[GAME_STATE_TRACKER] 🔄 Updating visible cards for observer P2
[GAME_STATE_TRACKER] 👀 Observed hands: 2 players
[GAME_STATE_TRACKER] 🃏 Updated P1 hand:
  Before: [('B', 4), ('W', 2), ('Y', 0), ('Y', 0), ('R', 4)]
  After:  [('B', 4), ('W', 2), ('Y', 0), ('Y', 0), ('W', 1)]
    Card 4: R 5 → W 2
Action: {'action_type': 'REVEAL_RANK', 'card_index': None, 'color': None, 'rank': 0, 'target_offset': 1}

--- Turn 23: Player 1 (BeliefGraphProbabilisticAgent) ---
Information tokens: 1/8
Life tokens: 3/3
Fireworks: {'R': 0, 'Y': 0, 'G': 2, 'W': 1, 'B': 0}
[GAME_STATE_TRACKER] 🔄 Updating visible cards for observer P1
[GAME_STATE_TRACKER] 👀 Observed hands: 2 players
[GAME_STATE_TRACKER] 🎮 Game state updated:
  📊 Clues: 2 → 1
[GAME_STATE_TRACKER] 📈 Current state: 3 fireworks built, 3 lives, 1 clues, 31 cards in deck
Action: {'action_type': 'PLAY', 'card_index': 2, 'color': None, 'rank': None, 'target_offset': None}
[GAME_STATE_TRACKER] 🔄 Updating visible cards for observer P2
[GAME_STATE_TRACKER] 👀 Observed hands: 2 players
[GAME_STATE_TRACKER] 🔄 Updating visible cards for observer P1
[GAME_STATE_TRACKER] 👀 Observed hands: 2 players
[GAME_STATE_TRACKER] 🎮 Game state updated:
  📊 Firework Y: 0 → 1
  📊 Deck: 31 → 30
[GAME_STATE_TRACKER] 📈 Current state: 4 fireworks built, 3 lives, 1 clues, 30 cards in deck

--- Turn 24: Player 2 (BeliefGraphProbabilisticAgent) ---
Information tokens: 1/8
Life tokens: 3/3
Fireworks: {'R': 0, 'Y': 1, 'G': 2, 'W': 1, 'B': 0}
[GAME_STATE_TRACKER] 🔄 Updating visible cards for observer P2
[GAME_STATE_TRACKER] 👀 Observed hands: 2 players
[GAME_STATE_TRACKER] 🃏 Updated P1 hand:
  Before: [('B', 4), ('W', 2), ('Y', 0), ('Y', 0), ('W', 1)]
  After:  [('B', 4), ('W', 2), ('Y', 0), ('W', 1), ('B', 3)]
    Card 3: Y 1 → W 2
    Card 4: W 2 → B 4
Action: {'action_type': 'REVEAL_RANK', 'card_index': None, 'color': None, 'rank': 1, 'target_offset': 1}

--- Turn 25: Player 1 (BeliefGraphProbabilisticAgent) ---
Information tokens: 0/8
Life tokens: 3/3
Fireworks: {'R': 0, 'Y': 1, 'G': 2, 'W': 1, 'B': 0}
[GAME_STATE_TRACKER] 🔄 Updating visible cards for observer P1
[GAME_STATE_TRACKER] 👀 Observed hands: 2 players
[GAME_STATE_TRACKER] 🎮 Game state updated:
  📊 Clues: 1 → 0
[GAME_STATE_TRACKER] 📈 Current state: 4 fireworks built, 3 lives, 0 clues, 30 cards in deck
Action: {'action_type': 'PLAY', 'card_index': 3, 'color': None, 'rank': None, 'target_offset': None}
[GAME_STATE_TRACKER] 🔄 Updating visible cards for observer P2
[GAME_STATE_TRACKER] 👀 Observed hands: 2 players
[GAME_STATE_TRACKER] 🔄 Updating visible cards for observer P1
[GAME_STATE_TRACKER] 👀 Observed hands: 2 players
[GAME_STATE_TRACKER] 🎮 Game state updated:
  📊 Firework W: 1 → 2
  📊 Deck: 30 → 29
[GAME_STATE_TRACKER] 📈 Current state: 5 fireworks built, 3 lives, 0 clues, 29 cards in deck

--- Turn 26: Player 2 (BeliefGraphProbabilisticAgent) ---
Information tokens: 0/8
Life tokens: 3/3
Fireworks: {'R': 0, 'Y': 1, 'G': 2, 'W': 2, 'B': 0}
[GAME_STATE_TRACKER] 🔄 Updating visible cards for observer P2
[GAME_STATE_TRACKER] 👀 Observed hands: 2 players
[GAME_STATE_TRACKER] 🃏 Updated P1 hand:
  Before: [('B', 4), ('W', 2), ('Y', 0), ('W', 1), ('B', 3)]
  After:  [('B', 4), ('W', 2), ('Y', 0), ('B', 3), ('Y', 2)]
    Card 3: W 2 → B 4
    Card 4: B 4 → Y 3
Action: {'action_type': 'DISCARD', 'card_index': 4, 'color': None, 'rank': None, 'target_offset': None}

--- Turn 27: Player 1 (BeliefGraphProbabilisticAgent) ---
Information tokens: 1/8
Life tokens: 3/3
Fireworks: {'R': 0, 'Y': 1, 'G': 2, 'W': 2, 'B': 0}
[GAME_STATE_TRACKER] 🔄 Updating visible cards for observer P1
[GAME_STATE_TRACKER] 👀 Observed hands: 2 players
[GAME_STATE_TRACKER] 🃏 Updated P2 hand:
  Before: [('W', 4), ('R', 2), ('W', 3), ('Y', 4), ('G', 3)]
  After:  [('W', 4), ('R', 2), ('W', 3), ('Y', 4), ('Y', 1)]
    Card 4: G 4 → Y 2
[GAME_STATE_TRACKER] 🎮 Game state updated:
  📊 Clues: 0 → 1
  📊 Deck: 29 → 28
[GAME_STATE_TRACKER] 📈 Current state: 5 fireworks built, 3 lives, 1 clues, 28 cards in deck
Action: {'action_type': 'DISCARD', 'card_index': 4, 'color': None, 'rank': None, 'target_offset': None}
[GAME_STATE_TRACKER] 🔄 Updating visible cards for observer P2
[GAME_STATE_TRACKER] 👀 Observed hands: 2 players
[GAME_STATE_TRACKER] 🔄 Updating visible cards for observer P1
[GAME_STATE_TRACKER] 👀 Observed hands: 2 players
[GAME_STATE_TRACKER] 🎮 Game state updated:
  📊 Clues: 1 → 2
  📊 Deck: 28 → 27
[GAME_STATE_TRACKER] 📈 Current state: 5 fireworks built, 3 lives, 2 clues, 27 cards in deck

--- Turn 28: Player 2 (BeliefGraphProbabilisticAgent) ---
Information tokens: 2/8
Life tokens: 3/3
Fireworks: {'R': 0, 'Y': 1, 'G': 2, 'W': 2, 'B': 0}
[GAME_STATE_TRACKER] 🔄 Updating visible cards for observer P2
[GAME_STATE_TRACKER] 👀 Observed hands: 2 players
Action: {'action_type': 'REVEAL_RANK', 'card_index': None, 'color': None, 'rank': 2, 'target_offset': 1}

--- Turn 29: Player 1 (BeliefGraphProbabilisticAgent) ---
Information tokens: 1/8
Life tokens: 3/3
Fireworks: {'R': 0, 'Y': 1, 'G': 2, 'W': 2, 'B': 0}
[GAME_STATE_TRACKER] 🔄 Updating visible cards for observer P1
[GAME_STATE_TRACKER] 👀 Observed hands: 2 players
[GAME_STATE_TRACKER] 🎮 Game state updated:
  📊 Clues: 2 → 1
[GAME_STATE_TRACKER] 📈 Current state: 5 fireworks built, 3 lives, 1 clues, 27 cards in deck
Action: {'action_type': 'DISCARD', 'card_index': 4, 'color': None, 'rank': None, 'target_offset': None}
[GAME_STATE_TRACKER] 🔄 Updating visible cards for observer P2
[GAME_STATE_TRACKER] 👀 Observed hands: 2 players
[GAME_STATE_TRACKER] 🔄 Updating visible cards for observer P1
[GAME_STATE_TRACKER] 👀 Observed hands: 2 players
[GAME_STATE_TRACKER] 🎮 Game state updated:
  📊 Clues: 1 → 2
  📊 Deck: 27 → 26
[GAME_STATE_TRACKER] 📈 Current state: 5 fireworks built, 3 lives, 2 clues, 26 cards in deck

--- Turn 30: Player 2 (BeliefGraphProbabilisticAgent) ---
Information tokens: 2/8
Life tokens: 3/3
Fireworks: {'R': 0, 'Y': 1, 'G': 2, 'W': 2, 'B': 0}
[GAME_STATE_TRACKER] 🔄 Updating visible cards for observer P2
[GAME_STATE_TRACKER] 👀 Observed hands: 2 players
[GAME_STATE_TRACKER] 🃏 Updated P1 hand:
  Before: [('B', 4), ('W', 2), ('Y', 0), ('B', 3), ('Y', 2)]
  After:  [('B', 4), ('W', 2), ('Y', 0), ('B', 3), ('G', 1)]
    Card 4: Y 3 → G 2
Action: {'action_type': 'REVEAL_RANK', 'card_index': None, 'color': None, 'rank': 1, 'target_offset': 1}

--- Turn 31: Player 1 (BeliefGraphProbabilisticAgent) ---
Information tokens: 1/8
Life tokens: 3/3
Fireworks: {'R': 0, 'Y': 1, 'G': 2, 'W': 2, 'B': 0}
[GAME_STATE_TRACKER] 🔄 Updating visible cards for observer P1
[GAME_STATE_TRACKER] 👀 Observed hands: 2 players
[GAME_STATE_TRACKER] 🎮 Game state updated:
  📊 Clues: 2 → 1
[GAME_STATE_TRACKER] 📈 Current state: 5 fireworks built, 3 lives, 1 clues, 26 cards in deck
Action: {'action_type': 'DISCARD', 'card_index': 4, 'color': None, 'rank': None, 'target_offset': None}
[GAME_STATE_TRACKER] 🔄 Updating visible cards for observer P2
[GAME_STATE_TRACKER] 👀 Observed hands: 2 players
[GAME_STATE_TRACKER] 🔄 Updating visible cards for observer P1
[GAME_STATE_TRACKER] 👀 Observed hands: 2 players
[GAME_STATE_TRACKER] 🎮 Game state updated:
  📊 Clues: 1 → 2
  📊 Deck: 26 → 25
[GAME_STATE_TRACKER] 📈 Current state: 5 fireworks built, 3 lives, 2 clues, 25 cards in deck

--- Turn 32: Player 2 (BeliefGraphProbabilisticAgent) ---
Information tokens: 2/8
Life tokens: 3/3
Fireworks: {'R': 0, 'Y': 1, 'G': 2, 'W': 2, 'B': 0}
[GAME_STATE_TRACKER] 🔄 Updating visible cards for observer P2
[GAME_STATE_TRACKER] 👀 Observed hands: 2 players
[GAME_STATE_TRACKER] 🃏 Updated P1 hand:
  Before: [('B', 4), ('W', 2), ('Y', 0), ('B', 3), ('G', 1)]
  After:  [('B', 4), ('W', 2), ('Y', 0), ('B', 3), ('R', 0)]
    Card 4: G 2 → R 1
Action: {'action_type': 'REVEAL_RANK', 'card_index': None, 'color': None, 'rank': 0, 'target_offset': 1}

--- Turn 33: Player 1 (BeliefGraphProbabilisticAgent) ---
Information tokens: 1/8
Life tokens: 3/3
Fireworks: {'R': 0, 'Y': 1, 'G': 2, 'W': 2, 'B': 0}
[GAME_STATE_TRACKER] 🔄 Updating visible cards for observer P1
[GAME_STATE_TRACKER] 👀 Observed hands: 2 players
[GAME_STATE_TRACKER] 🎮 Game state updated:
  📊 Clues: 2 → 1
[GAME_STATE_TRACKER] 📈 Current state: 5 fireworks built, 3 lives, 1 clues, 25 cards in deck
Action: {'action_type': 'REVEAL_RANK', 'card_index': None, 'color': None, 'rank': 1, 'target_offset': 1}
[GAME_STATE_TRACKER] 🔄 Updating visible cards for observer P2
[GAME_STATE_TRACKER] 👀 Observed hands: 2 players
[GAME_STATE_TRACKER] 🔄 Updating visible cards for observer P1
[GAME_STATE_TRACKER] 👀 Observed hands: 2 players
[GAME_STATE_TRACKER] 🎮 Game state updated:
  📊 Clues: 1 → 0
[GAME_STATE_TRACKER] 📈 Current state: 5 fireworks built, 3 lives, 0 clues, 25 cards in deck

--- Turn 34: Player 2 (BeliefGraphProbabilisticAgent) ---
Information tokens: 0/8
Life tokens: 3/3
Fireworks: {'R': 0, 'Y': 1, 'G': 2, 'W': 2, 'B': 0}
[GAME_STATE_TRACKER] 🔄 Updating visible cards for observer P2
[GAME_STATE_TRACKER] 👀 Observed hands: 2 players
Action: {'action_type': 'DISCARD', 'card_index': 3, 'color': None, 'rank': None, 'target_offset': None}

--- Turn 35: Player 1 (BeliefGraphProbabilisticAgent) ---
Information tokens: 1/8
Life tokens: 3/3
Fireworks: {'R': 0, 'Y': 1, 'G': 2, 'W': 2, 'B': 0}
[GAME_STATE_TRACKER] 🔄 Updating visible cards for observer P1
[GAME_STATE_TRACKER] 👀 Observed hands: 2 players
[GAME_STATE_TRACKER] 🃏 Updated P2 hand:
  Before: [('W', 4), ('R', 2), ('W', 3), ('Y', 4), ('Y', 1)]
  After:  [('W', 4), ('R', 2), ('W', 3), ('Y', 1), ('G', 4)]
    Card 3: Y 5 → Y 2
    Card 4: Y 2 → G 5
[GAME_STATE_TRACKER] 🎮 Game state updated:
  📊 Clues: 0 → 1
  📊 Deck: 25 → 24
[GAME_STATE_TRACKER] 📈 Current state: 5 fireworks built, 3 lives, 1 clues, 24 cards in deck
Action: {'action_type': 'PLAY', 'card_index': 1, 'color': None, 'rank': None, 'target_offset': None}
[GAME_STATE_TRACKER] 🔄 Updating visible cards for observer P2
[GAME_STATE_TRACKER] 👀 Observed hands: 2 players
[GAME_STATE_TRACKER] 🔄 Updating visible cards for observer P1
[GAME_STATE_TRACKER] 👀 Observed hands: 2 players
[GAME_STATE_TRACKER] 🎮 Game state updated:
  📊 Firework W: 2 → 3
  📊 Deck: 24 → 23
[GAME_STATE_TRACKER] 📈 Current state: 6 fireworks built, 3 lives, 1 clues, 23 cards in deck

--- Turn 36: Player 2 (BeliefGraphProbabilisticAgent) ---
Information tokens: 1/8
Life tokens: 3/3
Fireworks: {'R': 0, 'Y': 1, 'G': 2, 'W': 3, 'B': 0}
[GAME_STATE_TRACKER] 🔄 Updating visible cards for observer P2
[GAME_STATE_TRACKER] 👀 Observed hands: 2 players
[GAME_STATE_TRACKER] 🃏 Updated P1 hand:
  Before: [('B', 4), ('W', 2), ('Y', 0), ('B', 3), ('R', 0)]
  After:  [('B', 4), ('Y', 0), ('B', 3), ('R', 0), ('R', 1)]
    Card 1: W 3 → Y 1
    Card 2: Y 1 → B 4
    Card 3: B 4 → R 1
    Card 4: R 1 → R 2
Action: {'action_type': 'PLAY', 'card_index': 2, 'color': None, 'rank': None, 'target_offset': None}

--- Turn 37: Player 1 (BeliefGraphProbabilisticAgent) ---
Information tokens: 1/8
Life tokens: 3/3
Fireworks: {'R': 0, 'Y': 1, 'G': 2, 'W': 4, 'B': 0}
[GAME_STATE_TRACKER] 🔄 Updating visible cards for observer P1
[GAME_STATE_TRACKER] 👀 Observed hands: 2 players
[GAME_STATE_TRACKER] 🃏 Updated P2 hand:
  Before: [('W', 4), ('R', 2), ('W', 3), ('Y', 1), ('G', 4)]
  After:  [('W', 4), ('R', 2), ('Y', 1), ('G', 4), ('R', 0)]
    Card 2: W 4 → Y 2
    Card 3: Y 2 → G 5
    Card 4: G 5 → R 1
[GAME_STATE_TRACKER] 🎮 Game state updated:
  📊 Firework W: 3 → 4
  📊 Deck: 23 → 22
[GAME_STATE_TRACKER] 📈 Current state: 7 fireworks built, 3 lives, 1 clues, 22 cards in deck
Action: {'action_type': 'REVEAL_RANK', 'card_index': None, 'color': None, 'rank': 4, 'target_offset': 1}
[GAME_STATE_TRACKER] 🔄 Updating visible cards for observer P2
[GAME_STATE_TRACKER] 👀 Observed hands: 2 players
[GAME_STATE_TRACKER] 🔄 Updating visible cards for observer P1
[GAME_STATE_TRACKER] 👀 Observed hands: 2 players
[GAME_STATE_TRACKER] 🎮 Game state updated:
  📊 Clues: 1 → 0
[GAME_STATE_TRACKER] 📈 Current state: 7 fireworks built, 3 lives, 0 clues, 22 cards in deck

--- Turn 38: Player 2 (BeliefGraphProbabilisticAgent) ---
Information tokens: 0/8
Life tokens: 3/3
Fireworks: {'R': 0, 'Y': 1, 'G': 2, 'W': 4, 'B': 0}
[GAME_STATE_TRACKER] 🔄 Updating visible cards for observer P2
[GAME_STATE_TRACKER] 👀 Observed hands: 2 players
Action: {'action_type': 'PLAY', 'card_index': 0, 'color': None, 'rank': None, 'target_offset': None}

--- Turn 39: Player 1 (BeliefGraphProbabilisticAgent) ---
Information tokens: 1/8
Life tokens: 3/3
Fireworks: {'R': 0, 'Y': 1, 'G': 2, 'W': 5, 'B': 0}
[GAME_STATE_TRACKER] 🔄 Updating visible cards for observer P1
[GAME_STATE_TRACKER] 👀 Observed hands: 2 players
[GAME_STATE_TRACKER] 🃏 Updated P2 hand:
  Before: [('W', 4), ('R', 2), ('Y', 1), ('G', 4), ('R', 0)]
  After:  [('R', 2), ('Y', 1), ('G', 4), ('R', 0), ('B', 1)]
    Card 0: W 5 → R 3
    Card 1: R 3 → Y 2
    Card 2: Y 2 → G 5
    Card 3: G 5 → R 1
    Card 4: R 1 → B 2
[GAME_STATE_TRACKER] 🎮 Game state updated:
  📊 Firework W: 4 → 5
  📊 Clues: 0 → 1
  📊 Deck: 22 → 21
[GAME_STATE_TRACKER] 📈 Current state: 8 fireworks built, 3 lives, 1 clues, 21 cards in deck
Action: {'action_type': 'DISCARD', 'card_index': 4, 'color': None, 'rank': None, 'target_offset': None}
[GAME_STATE_TRACKER] 🔄 Updating visible cards for observer P2
[GAME_STATE_TRACKER] 👀 Observed hands: 2 players
[GAME_STATE_TRACKER] 🔄 Updating visible cards for observer P1
[GAME_STATE_TRACKER] 👀 Observed hands: 2 players
[GAME_STATE_TRACKER] 🎮 Game state updated:
  📊 Clues: 1 → 2
  📊 Deck: 21 → 20
[GAME_STATE_TRACKER] 📈 Current state: 8 fireworks built, 3 lives, 2 clues, 20 cards in deck

--- Turn 40: Player 2 (BeliefGraphProbabilisticAgent) ---
Information tokens: 2/8
Life tokens: 3/3
Fireworks: {'R': 0, 'Y': 1, 'G': 2, 'W': 5, 'B': 0}
[GAME_STATE_TRACKER] 🔄 Updating visible cards for observer P2
[GAME_STATE_TRACKER] 👀 Observed hands: 2 players
[GAME_STATE_TRACKER] 🃏 Updated P1 hand:
  Before: [('B', 4), ('Y', 0), ('B', 3), ('R', 0), ('R', 1)]
  After:  [('B', 4), ('Y', 0), ('B', 3), ('R', 0), ('Y', 3)]
    Card 4: R 2 → Y 4
Action: {'action_type': 'REVEAL_RANK', 'card_index': None, 'color': None, 'rank': 0, 'target_offset': 1}

--- Turn 41: Player 1 (BeliefGraphProbabilisticAgent) ---
Information tokens: 1/8
Life tokens: 3/3
Fireworks: {'R': 0, 'Y': 1, 'G': 2, 'W': 5, 'B': 0}
[GAME_STATE_TRACKER] 🔄 Updating visible cards for observer P1
[GAME_STATE_TRACKER] 👀 Observed hands: 2 players
[GAME_STATE_TRACKER] 🎮 Game state updated:
  📊 Clues: 2 → 1
[GAME_STATE_TRACKER] 📈 Current state: 8 fireworks built, 3 lives, 1 clues, 20 cards in deck
Action: {'action_type': 'REVEAL_RANK', 'card_index': None, 'color': None, 'rank': 0, 'target_offset': 1}
[GAME_STATE_TRACKER] 🔄 Updating visible cards for observer P2
[GAME_STATE_TRACKER] 👀 Observed hands: 2 players
[GAME_STATE_TRACKER] 🔄 Updating visible cards for observer P1
[GAME_STATE_TRACKER] 👀 Observed hands: 2 players
[GAME_STATE_TRACKER] 🎮 Game state updated:
  📊 Clues: 1 → 0
[GAME_STATE_TRACKER] 📈 Current state: 8 fireworks built, 3 lives, 0 clues, 20 cards in deck

--- Turn 42: Player 2 (BeliefGraphProbabilisticAgent) ---
Information tokens: 0/8
Life tokens: 3/3
Fireworks: {'R': 0, 'Y': 1, 'G': 2, 'W': 5, 'B': 0}
[GAME_STATE_TRACKER] 🔄 Updating visible cards for observer P2
[GAME_STATE_TRACKER] 👀 Observed hands: 2 players
Action: {'action_type': 'DISCARD', 'card_index': 1, 'color': None, 'rank': None, 'target_offset': None}

--- Turn 43: Player 1 (BeliefGraphProbabilisticAgent) ---
Information tokens: 1/8
Life tokens: 3/3
Fireworks: {'R': 0, 'Y': 1, 'G': 2, 'W': 5, 'B': 0}
[GAME_STATE_TRACKER] 🔄 Updating visible cards for observer P1
[GAME_STATE_TRACKER] 👀 Observed hands: 2 players
[GAME_STATE_TRACKER] 🃏 Updated P2 hand:
  Before: [('R', 2), ('Y', 1), ('G', 4), ('R', 0), ('B', 1)]
  After:  [('R', 2), ('G', 4), ('R', 0), ('B', 1), ('B', 0)]
    Card 1: Y 2 → G 5
    Card 2: G 5 → R 1
    Card 3: R 1 → B 2
    Card 4: B 2 → B 1
[GAME_STATE_TRACKER] 🎮 Game state updated:
  📊 Clues: 0 → 1
  📊 Deck: 20 → 19
[GAME_STATE_TRACKER] 📈 Current state: 8 fireworks built, 3 lives, 1 clues, 19 cards in deck
Action: {'action_type': 'PLAY', 'card_index': 1, 'color': None, 'rank': None, 'target_offset': None}
[GAME_STATE_TRACKER] 🔄 Updating visible cards for observer P2
[GAME_STATE_TRACKER] 👀 Observed hands: 2 players
[GAME_STATE_TRACKER] 🔄 Updating visible cards for observer P1
[GAME_STATE_TRACKER] 👀 Observed hands: 2 players
[GAME_STATE_TRACKER] 🎮 Game state updated:
  📊 Lives: 3 → 2
  📊 Deck: 19 → 18
[GAME_STATE_TRACKER] 📈 Current state: 8 fireworks built, 2 lives, 1 clues, 18 cards in deck

--- Turn 44: Player 2 (BeliefGraphProbabilisticAgent) ---
Information tokens: 1/8
Life tokens: 2/3
Fireworks: {'R': 0, 'Y': 1, 'G': 2, 'W': 5, 'B': 0}
[GAME_STATE_TRACKER] 🔄 Updating visible cards for observer P2
[GAME_STATE_TRACKER] 👀 Observed hands: 2 players
[GAME_STATE_TRACKER] 🃏 Updated P1 hand:
  Before: [('B', 4), ('Y', 0), ('B', 3), ('R', 0), ('Y', 3)]
  After:  [('B', 4), ('B', 3), ('R', 0), ('Y', 3), ('Y', 3)]
    Card 1: Y 1 → B 4
    Card 2: B 4 → R 1
    Card 3: R 1 → Y 4
Action: {'action_type': 'PLAY', 'card_index': 2, 'color': None, 'rank': None, 'target_offset': None}

--- Turn 45: Player 1 (BeliefGraphProbabilisticAgent) ---
Information tokens: 1/8
Life tokens: 2/3
Fireworks: {'R': 1, 'Y': 1, 'G': 2, 'W': 5, 'B': 0}
[GAME_STATE_TRACKER] 🔄 Updating visible cards for observer P1
[GAME_STATE_TRACKER] 👀 Observed hands: 2 players
[GAME_STATE_TRACKER] 🃏 Updated P2 hand:
  Before: [('R', 2), ('G', 4), ('R', 0), ('B', 1), ('B', 0)]
  After:  [('R', 2), ('G', 4), ('B', 1), ('B', 0), ('B', 0)]
    Card 2: R 1 → B 2
    Card 3: B 2 → B 1
[GAME_STATE_TRACKER] 🎮 Game state updated:
  📊 Firework R: 0 → 1
  📊 Deck: 18 → 17
[GAME_STATE_TRACKER] 📈 Current state: 9 fireworks built, 2 lives, 1 clues, 17 cards in deck
Action: {'action_type': 'PLAY', 'card_index': 2, 'color': None, 'rank': None, 'target_offset': None}
[GAME_STATE_TRACKER] 🔄 Updating visible cards for observer P2
[GAME_STATE_TRACKER] 👀 Observed hands: 2 players
[GAME_STATE_TRACKER] 🔄 Updating visible cards for observer P1
[GAME_STATE_TRACKER] 👀 Observed hands: 2 players
[GAME_STATE_TRACKER] 🎮 Game state updated:
  📊 Lives: 2 → 1
  📊 Deck: 17 → 16
[GAME_STATE_TRACKER] 📈 Current state: 9 fireworks built, 1 lives, 1 clues, 16 cards in deck

--- Turn 46: Player 2 (BeliefGraphProbabilisticAgent) ---
Information tokens: 1/8
Life tokens: 1/3
Fireworks: {'R': 1, 'Y': 1, 'G': 2, 'W': 5, 'B': 0}
[GAME_STATE_TRACKER] 🔄 Updating visible cards for observer P2
[GAME_STATE_TRACKER] 👀 Observed hands: 2 players
[GAME_STATE_TRACKER] 🃏 Updated P1 hand:
  Before: [('B', 4), ('B', 3), ('R', 0), ('Y', 3), ('Y', 3)]
  After:  [('B', 4), ('B', 3), ('Y', 3), ('Y', 3), ('G', 3)]
    Card 2: R 1 → Y 4
    Card 4: Y 4 → G 4
Action: {'action_type': 'REVEAL_RANK', 'card_index': None, 'color': None, 'rank': 3, 'target_offset': 1}

--- Turn 47: Player 1 (BeliefGraphProbabilisticAgent) ---
Information tokens: 0/8
Life tokens: 1/3
Fireworks: {'R': 1, 'Y': 1, 'G': 2, 'W': 5, 'B': 0}
[GAME_STATE_TRACKER] 🔄 Updating visible cards for observer P1
[GAME_STATE_TRACKER] 👀 Observed hands: 2 players
[GAME_STATE_TRACKER] 🎮 Game state updated:
  📊 Clues: 1 → 0
[GAME_STATE_TRACKER] 📈 Current state: 9 fireworks built, 1 lives, 0 clues, 16 cards in deck
Action: {'action_type': 'DISCARD', 'card_index': 1, 'color': None, 'rank': None, 'target_offset': None}
[GAME_STATE_TRACKER] 🔄 Updating visible cards for observer P2
[GAME_STATE_TRACKER] 👀 Observed hands: 2 players
[GAME_STATE_TRACKER] 🔄 Updating visible cards for observer P1
[GAME_STATE_TRACKER] 👀 Observed hands: 2 players
[GAME_STATE_TRACKER] 🎮 Game state updated:
  📊 Clues: 0 → 1
  📊 Deck: 16 → 15
[GAME_STATE_TRACKER] 📈 Current state: 9 fireworks built, 1 lives, 1 clues, 15 cards in deck

--- Turn 48: Player 2 (BeliefGraphProbabilisticAgent) ---
Information tokens: 1/8
Life tokens: 1/3
Fireworks: {'R': 1, 'Y': 1, 'G': 2, 'W': 5, 'B': 0}
[GAME_STATE_TRACKER] 🔄 Updating visible cards for observer P2
[GAME_STATE_TRACKER] 👀 Observed hands: 2 players
[GAME_STATE_TRACKER] 🃏 Updated P1 hand:
  Before: [('B', 4), ('B', 3), ('Y', 3), ('Y', 3), ('G', 3)]
  After:  [('B', 4), ('Y', 3), ('Y', 3), ('G', 3), ('R', 0)]
    Card 1: B 4 → Y 4
    Card 3: Y 4 → G 4
    Card 4: G 4 → R 1
Action: {'action_type': 'REVEAL_RANK', 'card_index': None, 'color': None, 'rank': 0, 'target_offset': 1}

--- Turn 49: Player 1 (BeliefGraphProbabilisticAgent) ---
Information tokens: 0/8
Life tokens: 1/3
Fireworks: {'R': 1, 'Y': 1, 'G': 2, 'W': 5, 'B': 0}
[GAME_STATE_TRACKER] 🔄 Updating visible cards for observer P1
[GAME_STATE_TRACKER] 👀 Observed hands: 2 players
[GAME_STATE_TRACKER] 🎮 Game state updated:
  📊 Clues: 1 → 0
[GAME_STATE_TRACKER] 📈 Current state: 9 fireworks built, 1 lives, 0 clues, 15 cards in deck
Action: {'action_type': 'DISCARD', 'card_index': 1, 'color': None, 'rank': None, 'target_offset': None}
[GAME_STATE_TRACKER] 🔄 Updating visible cards for observer P2
[GAME_STATE_TRACKER] 👀 Observed hands: 2 players
[GAME_STATE_TRACKER] 🔄 Updating visible cards for observer P1
[GAME_STATE_TRACKER] 👀 Observed hands: 2 players
[GAME_STATE_TRACKER] 🎮 Game state updated:
  📊 Clues: 0 → 1
  📊 Deck: 15 → 14
[GAME_STATE_TRACKER] 📈 Current state: 9 fireworks built, 1 lives, 1 clues, 14 cards in deck

--- Turn 50: Player 2 (BeliefGraphProbabilisticAgent) ---
Information tokens: 1/8
Life tokens: 1/3
Fireworks: {'R': 1, 'Y': 1, 'G': 2, 'W': 5, 'B': 0}
[GAME_STATE_TRACKER] 🔄 Updating visible cards for observer P2
[GAME_STATE_TRACKER] 👀 Observed hands: 2 players
[GAME_STATE_TRACKER] 🃏 Updated P1 hand:
  Before: [('B', 4), ('Y', 3), ('Y', 3), ('G', 3), ('R', 0)]
  After:  [('B', 4), ('Y', 3), ('G', 3), ('R', 0), ('B', 2)]
    Card 2: Y 4 → G 4
    Card 3: G 4 → R 1
    Card 4: R 1 → B 3
Action: {'action_type': 'DISCARD', 'card_index': 4, 'color': None, 'rank': None, 'target_offset': None}

--- Turn 51: Player 1 (BeliefGraphProbabilisticAgent) ---
Information tokens: 2/8
Life tokens: 1/3
Fireworks: {'R': 1, 'Y': 1, 'G': 2, 'W': 5, 'B': 0}
[GAME_STATE_TRACKER] 🔄 Updating visible cards for observer P1
[GAME_STATE_TRACKER] 👀 Observed hands: 2 players
[GAME_STATE_TRACKER] 🃏 Updated P2 hand:
  Before: [('R', 2), ('G', 4), ('B', 1), ('B', 0), ('B', 0)]
  After:  [('R', 2), ('G', 4), ('B', 1), ('B', 0), ('G', 2)]
    Card 4: B 1 → G 3
[GAME_STATE_TRACKER] 🎮 Game state updated:
  📊 Clues: 1 → 2
  📊 Deck: 14 → 13
[GAME_STATE_TRACKER] 📈 Current state: 9 fireworks built, 1 lives, 2 clues, 13 cards in deck
Action: {'action_type': 'REVEAL_RANK', 'card_index': None, 'color': None, 'rank': 2, 'target_offset': 1}
[GAME_STATE_TRACKER] 🔄 Updating visible cards for observer P2
[GAME_STATE_TRACKER] 👀 Observed hands: 2 players
[GAME_STATE_TRACKER] 🔄 Updating visible cards for observer P1
[GAME_STATE_TRACKER] 👀 Observed hands: 2 players
[GAME_STATE_TRACKER] 🎮 Game state updated:
  📊 Clues: 2 → 1
[GAME_STATE_TRACKER] 📈 Current state: 9 fireworks built, 1 lives, 1 clues, 13 cards in deck

--- Turn 52: Player 2 (BeliefGraphProbabilisticAgent) ---
Information tokens: 1/8
Life tokens: 1/3
Fireworks: {'R': 1, 'Y': 1, 'G': 2, 'W': 5, 'B': 0}
[GAME_STATE_TRACKER] 🔄 Updating visible cards for observer P2
[GAME_STATE_TRACKER] 👀 Observed hands: 2 players
Action: {'action_type': 'REVEAL_RANK', 'card_index': None, 'color': None, 'rank': 3, 'target_offset': 1}

--- Turn 53: Player 1 (BeliefGraphProbabilisticAgent) ---
Information tokens: 0/8
Life tokens: 1/3
Fireworks: {'R': 1, 'Y': 1, 'G': 2, 'W': 5, 'B': 0}
[GAME_STATE_TRACKER] 🔄 Updating visible cards for observer P1
[GAME_STATE_TRACKER] 👀 Observed hands: 2 players
[GAME_STATE_TRACKER] 🎮 Game state updated:
  📊 Clues: 1 → 0
[GAME_STATE_TRACKER] 📈 Current state: 9 fireworks built, 1 lives, 0 clues, 13 cards in deck
Action: {'action_type': 'DISCARD', 'card_index': 1, 'color': None, 'rank': None, 'target_offset': None}
[GAME_STATE_TRACKER] 🔄 Updating visible cards for observer P2
[GAME_STATE_TRACKER] 👀 Observed hands: 2 players
[GAME_STATE_TRACKER] 🔄 Updating visible cards for observer P1
[GAME_STATE_TRACKER] 👀 Observed hands: 2 players
[GAME_STATE_TRACKER] 🎮 Game state updated:
  📊 Clues: 0 → 1
  📊 Deck: 13 → 12
[GAME_STATE_TRACKER] 📈 Current state: 9 fireworks built, 1 lives, 1 clues, 12 cards in deck

--- Turn 54: Player 2 (BeliefGraphProbabilisticAgent) ---
Information tokens: 1/8
Life tokens: 1/3
Fireworks: {'R': 1, 'Y': 1, 'G': 2, 'W': 5, 'B': 0}
[GAME_STATE_TRACKER] 🔄 Updating visible cards for observer P2
[GAME_STATE_TRACKER] 👀 Observed hands: 2 players
[GAME_STATE_TRACKER] 🃏 Updated P1 hand:
  Before: [('B', 4), ('Y', 3), ('G', 3), ('R', 0), ('B', 2)]
  After:  [('B', 4), ('G', 3), ('R', 0), ('B', 2), ('R', 3)]
    Card 1: Y 4 → G 4
    Card 2: G 4 → R 1
    Card 3: R 1 → B 3
    Card 4: B 3 → R 4
Action: {'action_type': 'REVEAL_COLOR', 'card_index': None, 'color': 'R', 'rank': None, 'target_offset': 1}

--- Turn 55: Player 1 (BeliefGraphProbabilisticAgent) ---
Information tokens: 0/8
Life tokens: 1/3
Fireworks: {'R': 1, 'Y': 1, 'G': 2, 'W': 5, 'B': 0}
[GAME_STATE_TRACKER] 🔄 Updating visible cards for observer P1
[GAME_STATE_TRACKER] 👀 Observed hands: 2 players
[GAME_STATE_TRACKER] 🎮 Game state updated:
  📊 Clues: 1 → 0
[GAME_STATE_TRACKER] 📈 Current state: 9 fireworks built, 1 lives, 0 clues, 12 cards in deck
Action: {'action_type': 'DISCARD', 'card_index': 3, 'color': None, 'rank': None, 'target_offset': None}
[GAME_STATE_TRACKER] 🔄 Updating visible cards for observer P2
[GAME_STATE_TRACKER] 👀 Observed hands: 2 players
[GAME_STATE_TRACKER] 🔄 Updating visible cards for observer P1
[GAME_STATE_TRACKER] 👀 Observed hands: 2 players
[GAME_STATE_TRACKER] 🎮 Game state updated:
  📊 Clues: 0 → 1
  📊 Deck: 12 → 11
[GAME_STATE_TRACKER] 📈 Current state: 9 fireworks built, 1 lives, 1 clues, 11 cards in deck

--- Turn 56: Player 2 (BeliefGraphProbabilisticAgent) ---
Information tokens: 1/8
Life tokens: 1/3
Fireworks: {'R': 1, 'Y': 1, 'G': 2, 'W': 5, 'B': 0}
[GAME_STATE_TRACKER] 🔄 Updating visible cards for observer P2
[GAME_STATE_TRACKER] 👀 Observed hands: 2 players
[GAME_STATE_TRACKER] 🃏 Updated P1 hand:
  Before: [('B', 4), ('G', 3), ('R', 0), ('B', 2), ('R', 3)]
  After:  [('B', 4), ('G', 3), ('R', 0), ('R', 3), ('W', 0)]
    Card 3: B 3 → R 4
    Card 4: R 4 → W 1
Action: {'action_type': 'REVEAL_COLOR', 'card_index': None, 'color': 'W', 'rank': None, 'target_offset': 1}

--- Turn 57: Player 1 (BeliefGraphProbabilisticAgent) ---
Information tokens: 0/8
Life tokens: 1/3
Fireworks: {'R': 1, 'Y': 1, 'G': 2, 'W': 5, 'B': 0}
[GAME_STATE_TRACKER] 🔄 Updating visible cards for observer P1
[GAME_STATE_TRACKER] 👀 Observed hands: 2 players
[GAME_STATE_TRACKER] 🎮 Game state updated:
  📊 Clues: 1 → 0
[GAME_STATE_TRACKER] 📈 Current state: 9 fireworks built, 1 lives, 0 clues, 11 cards in deck
Action: {'action_type': 'DISCARD', 'card_index': 4, 'color': None, 'rank': None, 'target_offset': None}
[GAME_STATE_TRACKER] 🔄 Updating visible cards for observer P2
[GAME_STATE_TRACKER] 👀 Observed hands: 2 players
[GAME_STATE_TRACKER] 🔄 Updating visible cards for observer P1
[GAME_STATE_TRACKER] 👀 Observed hands: 2 players
[GAME_STATE_TRACKER] 🎮 Game state updated:
  📊 Clues: 0 → 1
  📊 Deck: 11 → 10
[GAME_STATE_TRACKER] 📈 Current state: 9 fireworks built, 1 lives, 1 clues, 10 cards in deck

--- Turn 58: Player 2 (BeliefGraphProbabilisticAgent) ---
Information tokens: 1/8
Life tokens: 1/3
Fireworks: {'R': 1, 'Y': 1, 'G': 2, 'W': 5, 'B': 0}
[GAME_STATE_TRACKER] 🔄 Updating visible cards for observer P2
[GAME_STATE_TRACKER] 👀 Observed hands: 2 players
[GAME_STATE_TRACKER] 🃏 Updated P1 hand:
  Before: [('B', 4), ('G', 3), ('R', 0), ('R', 3), ('W', 0)]
  After:  [('B', 4), ('G', 3), ('R', 0), ('R', 3), ('Y', 0)]
    Card 4: W 1 → Y 1
Action: {'action_type': 'DISCARD', 'card_index': 4, 'color': None, 'rank': None, 'target_offset': None}

--- Turn 59: Player 1 (BeliefGraphProbabilisticAgent) ---
Information tokens: 2/8
Life tokens: 1/3
Fireworks: {'R': 1, 'Y': 1, 'G': 2, 'W': 5, 'B': 0}
[GAME_STATE_TRACKER] 🔄 Updating visible cards for observer P1
[GAME_STATE_TRACKER] 👀 Observed hands: 2 players
[GAME_STATE_TRACKER] 🃏 Updated P2 hand:
  Before: [('R', 2), ('G', 4), ('B', 1), ('B', 0), ('G', 2)]
  After:  [('R', 2), ('G', 4), ('B', 1), ('B', 0), ('W', 3)]
    Card 4: G 3 → W 4
[GAME_STATE_TRACKER] 🎮 Game state updated:
  📊 Clues: 1 → 2
  📊 Deck: 10 → 9
[GAME_STATE_TRACKER] 📈 Current state: 9 fireworks built, 1 lives, 2 clues, 9 cards in deck
Action: {'action_type': 'REVEAL_RANK', 'card_index': None, 'color': None, 'rank': 0, 'target_offset': 1}
[GAME_STATE_TRACKER] 🔄 Updating visible cards for observer P2
[GAME_STATE_TRACKER] 👀 Observed hands: 2 players
[GAME_STATE_TRACKER] 🔄 Updating visible cards for observer P1
[GAME_STATE_TRACKER] 👀 Observed hands: 2 players
[GAME_STATE_TRACKER] 🎮 Game state updated:
  📊 Clues: 2 → 1
[GAME_STATE_TRACKER] 📈 Current state: 9 fireworks built, 1 lives, 1 clues, 9 cards in deck

--- Turn 60: Player 2 (BeliefGraphProbabilisticAgent) ---
Information tokens: 1/8
Life tokens: 1/3
Fireworks: {'R': 1, 'Y': 1, 'G': 2, 'W': 5, 'B': 0}
[GAME_STATE_TRACKER] 🔄 Updating visible cards for observer P2
[GAME_STATE_TRACKER] 👀 Observed hands: 2 players
Action: {'action_type': 'DISCARD', 'card_index': 2, 'color': None, 'rank': None, 'target_offset': None}

--- Turn 61: Player 1 (BeliefGraphProbabilisticAgent) ---
Information tokens: 2/8
Life tokens: 1/3
Fireworks: {'R': 1, 'Y': 1, 'G': 2, 'W': 5, 'B': 0}
[GAME_STATE_TRACKER] 🔄 Updating visible cards for observer P1
[GAME_STATE_TRACKER] 👀 Observed hands: 2 players
[GAME_STATE_TRACKER] 🃏 Updated P2 hand:
  Before: [('R', 2), ('G', 4), ('B', 1), ('B', 0), ('W', 3)]
  After:  [('R', 2), ('G', 4), ('B', 0), ('W', 3), ('W', 1)]
    Card 2: B 2 → B 1
    Card 3: B 1 → W 4
    Card 4: W 4 → W 2
[GAME_STATE_TRACKER] 🎮 Game state updated:
  📊 Clues: 1 → 2
  📊 Deck: 9 → 8
[GAME_STATE_TRACKER] 📈 Current state: 9 fireworks built, 1 lives, 2 clues, 8 cards in deck
Action: {'action_type': 'REVEAL_RANK', 'card_index': None, 'color': None, 'rank': 0, 'target_offset': 1}
[GAME_STATE_TRACKER] 🔄 Updating visible cards for observer P2
[GAME_STATE_TRACKER] 👀 Observed hands: 2 players
[GAME_STATE_TRACKER] 🔄 Updating visible cards for observer P1
[GAME_STATE_TRACKER] 👀 Observed hands: 2 players
[GAME_STATE_TRACKER] 🎮 Game state updated:
  📊 Clues: 2 → 1
[GAME_STATE_TRACKER] 📈 Current state: 9 fireworks built, 1 lives, 1 clues, 8 cards in deck

--- Turn 62: Player 2 (BeliefGraphProbabilisticAgent) ---
Information tokens: 1/8
Life tokens: 1/3
Fireworks: {'R': 1, 'Y': 1, 'G': 2, 'W': 5, 'B': 0}
[GAME_STATE_TRACKER] 🔄 Updating visible cards for observer P2
[GAME_STATE_TRACKER] 👀 Observed hands: 2 players
Action: {'action_type': 'DISCARD', 'card_index': 4, 'color': None, 'rank': None, 'target_offset': None}

--- Turn 63: Player 1 (BeliefGraphProbabilisticAgent) ---
Information tokens: 2/8
Life tokens: 1/3
Fireworks: {'R': 1, 'Y': 1, 'G': 2, 'W': 5, 'B': 0}
[GAME_STATE_TRACKER] 🔄 Updating visible cards for observer P1
[GAME_STATE_TRACKER] 👀 Observed hands: 2 players
[GAME_STATE_TRACKER] 🃏 Updated P2 hand:
  Before: [('R', 2), ('G', 4), ('B', 0), ('W', 3), ('W', 1)]
  After:  [('R', 2), ('G', 4), ('B', 0), ('W', 3), ('R', 3)]
    Card 4: W 2 → R 4
[GAME_STATE_TRACKER] 🎮 Game state updated:
  📊 Clues: 1 → 2
  📊 Deck: 8 → 7
[GAME_STATE_TRACKER] 📈 Current state: 9 fireworks built, 1 lives, 2 clues, 7 cards in deck
Action: {'action_type': 'REVEAL_RANK', 'card_index': None, 'color': None, 'rank': 0, 'target_offset': 1}
[GAME_STATE_TRACKER] 🔄 Updating visible cards for observer P2
[GAME_STATE_TRACKER] 👀 Observed hands: 2 players
[GAME_STATE_TRACKER] 🔄 Updating visible cards for observer P1
[GAME_STATE_TRACKER] 👀 Observed hands: 2 players
[GAME_STATE_TRACKER] 🎮 Game state updated:
  📊 Clues: 2 → 1
[GAME_STATE_TRACKER] 📈 Current state: 9 fireworks built, 1 lives, 1 clues, 7 cards in deck

--- Turn 64: Player 2 (BeliefGraphProbabilisticAgent) ---
Information tokens: 1/8
Life tokens: 1/3
Fireworks: {'R': 1, 'Y': 1, 'G': 2, 'W': 5, 'B': 0}
[GAME_STATE_TRACKER] 🔄 Updating visible cards for observer P2
[GAME_STATE_TRACKER] 👀 Observed hands: 2 players
Action: {'action_type': 'REVEAL_RANK', 'card_index': None, 'color': None, 'rank': 3, 'target_offset': 1}

--- Turn 65: Player 1 (BeliefGraphProbabilisticAgent) ---
Information tokens: 0/8
Life tokens: 1/3
Fireworks: {'R': 1, 'Y': 1, 'G': 2, 'W': 5, 'B': 0}
[GAME_STATE_TRACKER] 🔄 Updating visible cards for observer P1
[GAME_STATE_TRACKER] 👀 Observed hands: 2 players
[GAME_STATE_TRACKER] 🎮 Game state updated:
  📊 Clues: 1 → 0
[GAME_STATE_TRACKER] 📈 Current state: 9 fireworks built, 1 lives, 0 clues, 7 cards in deck
Action: {'action_type': 'DISCARD', 'card_index': 2, 'color': None, 'rank': None, 'target_offset': None}
[GAME_STATE_TRACKER] 🔄 Updating visible cards for observer P2
[GAME_STATE_TRACKER] 👀 Observed hands: 2 players
[GAME_STATE_TRACKER] 🔄 Updating visible cards for observer P1
[GAME_STATE_TRACKER] 👀 Observed hands: 2 players
[GAME_STATE_TRACKER] 🎮 Game state updated:
  📊 Clues: 0 → 1
  📊 Deck: 7 → 6
[GAME_STATE_TRACKER] 📈 Current state: 9 fireworks built, 1 lives, 1 clues, 6 cards in deck

--- Turn 66: Player 2 (BeliefGraphProbabilisticAgent) ---
Information tokens: 1/8
Life tokens: 1/3
Fireworks: {'R': 1, 'Y': 1, 'G': 2, 'W': 5, 'B': 0}
[GAME_STATE_TRACKER] 🔄 Updating visible cards for observer P2
[GAME_STATE_TRACKER] 👀 Observed hands: 2 players
[GAME_STATE_TRACKER] 🃏 Updated P1 hand:
  Before: [('B', 4), ('G', 3), ('R', 0), ('R', 3), ('Y', 0)]
  After:  [('B', 4), ('G', 3), ('R', 3), ('Y', 0), ('G', 0)]
    Card 2: R 1 → R 4
    Card 3: R 4 → Y 1
    Card 4: Y 1 → G 1
Action: {'action_type': 'REVEAL_RANK', 'card_index': None, 'color': None, 'rank': 0, 'target_offset': 1}

--- Turn 67: Player 1 (BeliefGraphProbabilisticAgent) ---
Information tokens: 0/8
Life tokens: 1/3
Fireworks: {'R': 1, 'Y': 1, 'G': 2, 'W': 5, 'B': 0}
[GAME_STATE_TRACKER] 🔄 Updating visible cards for observer P1
[GAME_STATE_TRACKER] 👀 Observed hands: 2 players
[GAME_STATE_TRACKER] 🎮 Game state updated:
  📊 Clues: 1 → 0
[GAME_STATE_TRACKER] 📈 Current state: 9 fireworks built, 1 lives, 0 clues, 6 cards in deck
Action: {'action_type': 'DISCARD', 'card_index': 0, 'color': None, 'rank': None, 'target_offset': None}
[GAME_STATE_TRACKER] 🔄 Updating visible cards for observer P2
[GAME_STATE_TRACKER] 👀 Observed hands: 2 players
[GAME_STATE_TRACKER] 🔄 Updating visible cards for observer P1
[GAME_STATE_TRACKER] 👀 Observed hands: 2 players
[GAME_STATE_TRACKER] 🎮 Game state updated:
  📊 Clues: 0 → 1
  📊 Deck: 6 → 5
[GAME_STATE_TRACKER] 📈 Current state: 9 fireworks built, 1 lives, 1 clues, 5 cards in deck

--- Turn 68: Player 2 (BeliefGraphProbabilisticAgent) ---
Information tokens: 1/8
Life tokens: 1/3
Fireworks: {'R': 1, 'Y': 1, 'G': 2, 'W': 5, 'B': 0}
[GAME_STATE_TRACKER] 🔄 Updating visible cards for observer P2
[GAME_STATE_TRACKER] 👀 Observed hands: 2 players
[GAME_STATE_TRACKER] 🃏 Updated P1 hand:
  Before: [('B', 4), ('G', 3), ('R', 3), ('Y', 0), ('G', 0)]
  After:  [('G', 3), ('R', 3), ('Y', 0), ('G', 0), ('R', 2)]
    Card 0: B 5 → G 4
    Card 1: G 4 → R 4
    Card 2: R 4 → Y 1
    Card 3: Y 1 → G 1
    Card 4: G 1 → R 3
Action: {'action_type': 'DISCARD', 'card_index': 3, 'color': None, 'rank': None, 'target_offset': None}

--- Turn 69: Player 1 (BeliefGraphProbabilisticAgent) ---
Information tokens: 2/8
Life tokens: 1/3
Fireworks: {'R': 1, 'Y': 1, 'G': 2, 'W': 5, 'B': 0}
[GAME_STATE_TRACKER] 🔄 Updating visible cards for observer P1
[GAME_STATE_TRACKER] 👀 Observed hands: 2 players
[GAME_STATE_TRACKER] 🃏 Updated P2 hand:
  Before: [('R', 2), ('G', 4), ('B', 0), ('W', 3), ('R', 3)]
  After:  [('R', 2), ('G', 4), ('B', 0), ('R', 3), ('W', 2)]
    Card 3: W 4 → R 4
    Card 4: R 4 → W 3
[GAME_STATE_TRACKER] 🎮 Game state updated:
  📊 Clues: 1 → 2
  📊 Deck: 5 → 4
[GAME_STATE_TRACKER] 📈 Current state: 9 fireworks built, 1 lives, 2 clues, 4 cards in deck
Action: {'action_type': 'REVEAL_RANK', 'card_index': None, 'color': None, 'rank': 0, 'target_offset': 1}
[GAME_STATE_TRACKER] 🔄 Updating visible cards for observer P2
[GAME_STATE_TRACKER] 👀 Observed hands: 2 players
[GAME_STATE_TRACKER] 🔄 Updating visible cards for observer P1
[GAME_STATE_TRACKER] 👀 Observed hands: 2 players
[GAME_STATE_TRACKER] 🎮 Game state updated:
  📊 Clues: 2 → 1
[GAME_STATE_TRACKER] 📈 Current state: 9 fireworks built, 1 lives, 1 clues, 4 cards in deck

--- Turn 70: Player 2 (BeliefGraphProbabilisticAgent) ---
Information tokens: 1/8
Life tokens: 1/3
Fireworks: {'R': 1, 'Y': 1, 'G': 2, 'W': 5, 'B': 0}
[GAME_STATE_TRACKER] 🔄 Updating visible cards for observer P2
[GAME_STATE_TRACKER] 👀 Observed hands: 2 players
Action: {'action_type': 'DISCARD', 'card_index': 1, 'color': None, 'rank': None, 'target_offset': None}

--- Turn 71: Player 1 (BeliefGraphProbabilisticAgent) ---
Information tokens: 2/8
Life tokens: 1/3
Fireworks: {'R': 1, 'Y': 1, 'G': 2, 'W': 5, 'B': 0}
[GAME_STATE_TRACKER] 🔄 Updating visible cards for observer P1
[GAME_STATE_TRACKER] 👀 Observed hands: 2 players
[GAME_STATE_TRACKER] 🃏 Updated P2 hand:
  Before: [('R', 2), ('G', 4), ('B', 0), ('R', 3), ('W', 2)]
  After:  [('R', 2), ('B', 0), ('R', 3), ('W', 2), ('B', 1)]
    Card 1: G 5 → B 1
    Card 2: B 1 → R 4
    Card 3: R 4 → W 3
    Card 4: W 3 → B 2
[GAME_STATE_TRACKER] 🎮 Game state updated:
  📊 Clues: 1 → 2
  📊 Deck: 4 → 3
[GAME_STATE_TRACKER] 📈 Current state: 9 fireworks built, 1 lives, 2 clues, 3 cards in deck
Action: {'action_type': 'REVEAL_RANK', 'card_index': None, 'color': None, 'rank': 0, 'target_offset': 1}
[GAME_STATE_TRACKER] 🔄 Updating visible cards for observer P2
[GAME_STATE_TRACKER] 👀 Observed hands: 2 players
[GAME_STATE_TRACKER] 🔄 Updating visible cards for observer P1
[GAME_STATE_TRACKER] 👀 Observed hands: 2 players
[GAME_STATE_TRACKER] 🎮 Game state updated:
  📊 Clues: 2 → 1
[GAME_STATE_TRACKER] 📈 Current state: 9 fireworks built, 1 lives, 1 clues, 3 cards in deck

--- Turn 72: Player 2 (BeliefGraphProbabilisticAgent) ---
Information tokens: 1/8
Life tokens: 1/3
Fireworks: {'R': 1, 'Y': 1, 'G': 2, 'W': 5, 'B': 0}
[GAME_STATE_TRACKER] 🔄 Updating visible cards for observer P2
[GAME_STATE_TRACKER] 👀 Observed hands: 2 players
Action: {'action_type': 'REVEAL_RANK', 'card_index': None, 'color': None, 'rank': 0, 'target_offset': 1}

--- Turn 73: Player 1 (BeliefGraphProbabilisticAgent) ---
Information tokens: 0/8
Life tokens: 1/3
Fireworks: {'R': 1, 'Y': 1, 'G': 2, 'W': 5, 'B': 0}
[GAME_STATE_TRACKER] 🔄 Updating visible cards for observer P1
[GAME_STATE_TRACKER] 👀 Observed hands: 2 players
[GAME_STATE_TRACKER] 🎮 Game state updated:
  📊 Clues: 1 → 0
[GAME_STATE_TRACKER] 📈 Current state: 9 fireworks built, 1 lives, 0 clues, 3 cards in deck
Action: {'action_type': 'DISCARD', 'card_index': 2, 'color': None, 'rank': None, 'target_offset': None}
[GAME_STATE_TRACKER] 🔄 Updating visible cards for observer P2
[GAME_STATE_TRACKER] 👀 Observed hands: 2 players
[GAME_STATE_TRACKER] 🔄 Updating visible cards for observer P1
[GAME_STATE_TRACKER] 👀 Observed hands: 2 players
[GAME_STATE_TRACKER] 🎮 Game state updated:
  📊 Clues: 0 → 1
  📊 Deck: 3 → 2
[GAME_STATE_TRACKER] 📈 Current state: 9 fireworks built, 1 lives, 1 clues, 2 cards in deck

--- Turn 74: Player 2 (BeliefGraphProbabilisticAgent) ---
Information tokens: 1/8
Life tokens: 1/3
Fireworks: {'R': 1, 'Y': 1, 'G': 2, 'W': 5, 'B': 0}
[GAME_STATE_TRACKER] 🔄 Updating visible cards for observer P2
[GAME_STATE_TRACKER] 👀 Observed hands: 2 players
[GAME_STATE_TRACKER] 🃏 Updated P1 hand:
  Before: [('G', 3), ('R', 3), ('Y', 0), ('G', 0), ('R', 2)]
  After:  [('G', 3), ('R', 3), ('G', 0), ('R', 2), ('B', 0)]
    Card 2: Y 1 → G 1
    Card 3: G 1 → R 3
    Card 4: R 3 → B 1
Action: {'action_type': 'PLAY', 'card_index': 0, 'color': None, 'rank': None, 'target_offset': None}

Episode 1 completed with reward: 0
Fireworks built this episode: 9 (max reached: 9)
End reason: lives_depleted
Total turns: 74
Episode 1/1 completed - Reward: 0 | Fireworks built: 9 (max: 9)
Best so far: 0 | Average: 0.0

============================================================
FINAL RESULTS
============================================================
Episodes played: 1
Total reward: 0
Average reward: 0.00
Best reward: 0
Episode rewards: [0]
Episode fireworks built: [9]
Episode peak fireworks: [9]
================================================================================
[TerminalLogger] Session ended: 2025-12-27 15:42:47
[TerminalLogger] Log saved to: logs/terminal/terminal_20251227_130501.log
