Starting 1 episodes with 2 players
Agent configuration:
  Player 1: GeminiAgent
  Player 2: GeminiAgent
Created Player 1: GeminiAgent
Created Player 2: GeminiAgent

============================================================
EPISODE 1 START
============================================================

--- Turn 1: Player 1 (GeminiAgent) ---
Information tokens: 8/8
Life tokens: 3/3
Fireworks: {'R': 0, 'Y': 0, 'G': 0, 'W': 0, 'B': 0}
Action: {'action_type': 'REVEAL_RANK', 'rank': 0, 'target_offset': 1, 'card_index': None, 'color': None}

--- Turn 2: Player 2 (GeminiAgent) ---
Information tokens: 7/8
Life tokens: 3/3
Fireworks: {'R': 0, 'Y': 0, 'G': 0, 'W': 0, 'B': 0}
Action: {'action_type': 'PLAY', 'card_index': 4, 'color': None, 'rank': None, 'target_offset': None}

--- Turn 3: Player 1 (GeminiAgent) ---
Information tokens: 7/8
Life tokens: 3/3
Fireworks: {'R': 0, 'Y': 0, 'G': 1, 'W': 0, 'B': 0}
Action: {'action_type': 'REVEAL_RANK', 'card_index': None, 'color': None, 'rank': 4, 'target_offset': 1}

--- Turn 4: Player 2 (GeminiAgent) ---
Information tokens: 6/8
Life tokens: 3/3
Fireworks: {'R': 0, 'Y': 0, 'G': 1, 'W': 0, 'B': 0}
Action: {'action_type': 'REVEAL_RANK', 'card_index': None, 'color': None, 'rank': 0, 'target_offset': 1}

--- Turn 5: Player 1 (GeminiAgent) ---
Information tokens: 5/8
Life tokens: 3/3
Fireworks: {'R': 0, 'Y': 0, 'G': 1, 'W': 0, 'B': 0}
Action: {'action_type': 'PLAY', 'card_index': 4, 'color': None, 'rank': None, 'target_offset': None}

--- Turn 6: Player 2 (GeminiAgent) ---
Information tokens: 5/8
Life tokens: 3/3
Fireworks: {'R': 0, 'Y': 1, 'G': 1, 'W': 0, 'B': 0}
Action: {'action_type': 'REVEAL_RANK', 'card_index': None, 'color': None, 'rank': 4, 'target_offset': 1}

--- Turn 7: Player 1 (GeminiAgent) ---
Information tokens: 4/8
Life tokens: 3/3
Fireworks: {'R': 0, 'Y': 1, 'G': 1, 'W': 0, 'B': 0}
Action: {'action_type': 'REVEAL_RANK', 'card_index': None, 'color': None, 'rank': 1, 'target_offset': 1}

--- Turn 8: Player 2 (GeminiAgent) ---
Information tokens: 3/8
Life tokens: 3/3
Fireworks: {'R': 0, 'Y': 1, 'G': 1, 'W': 0, 'B': 0}
Action: {'action_type': 'DISCARD', 'card_index': 3, 'color': None, 'rank': None, 'target_offset': None}

--- Turn 9: Player 1 (GeminiAgent) ---
Information tokens: 4/8
Life tokens: 3/3
Fireworks: {'R': 0, 'Y': 1, 'G': 1, 'W': 0, 'B': 0}
Action: {'action_type': 'REVEAL_COLOR', 'card_index': None, 'color': 'Y', 'rank': None, 'target_offset': 1}

--- Turn 10: Player 2 (GeminiAgent) ---
Information tokens: 3/8
Life tokens: 3/3
Fireworks: {'R': 0, 'Y': 1, 'G': 1, 'W': 0, 'B': 0}
Action: {'action_type': 'PLAY', 'card_index': 0, 'color': None, 'rank': None, 'target_offset': None}

--- Turn 11: Player 1 (GeminiAgent) ---
Information tokens: 3/8
Life tokens: 3/3
Fireworks: {'R': 0, 'Y': 2, 'G': 1, 'W': 0, 'B': 0}
Action: {'action_type': 'REVEAL_RANK', 'card_index': None, 'color': None, 'rank': 0, 'target_offset': 1}

--- Turn 12: Player 2 (GeminiAgent) ---
Information tokens: 2/8
Life tokens: 3/3
Fireworks: {'R': 0, 'Y': 2, 'G': 1, 'W': 0, 'B': 0}
Action: {'action_type': 'REVEAL_COLOR', 'card_index': None, 'color': 'B', 'rank': None, 'target_offset': 1}

--- Turn 13: Player 1 (GeminiAgent) ---
Information tokens: 1/8
Life tokens: 3/3
Fireworks: {'R': 0, 'Y': 2, 'G': 1, 'W': 0, 'B': 0}
Action: {'action_type': 'REVEAL_COLOR', 'card_index': None, 'color': 'B', 'rank': None, 'target_offset': 1}

--- Turn 14: Player 2 (GeminiAgent) ---
Information tokens: 0/8
Life tokens: 3/3
Fireworks: {'R': 0, 'Y': 2, 'G': 1, 'W': 0, 'B': 0}
Action: {'action_type': 'PLAY', 'card_index': 4, 'color': None, 'rank': None, 'target_offset': None}

--- Turn 15: Player 1 (GeminiAgent) ---
Information tokens: 0/8
Life tokens: 3/3
Fireworks: {'R': 0, 'Y': 2, 'G': 1, 'W': 0, 'B': 1}
Action: {'action_type': 'DISCARD', 'card_index': 4, 'color': None, 'rank': None, 'target_offset': None}

--- Turn 16: Player 2 (GeminiAgent) ---
Information tokens: 1/8
Life tokens: 3/3
Fireworks: {'R': 0, 'Y': 2, 'G': 1, 'W': 0, 'B': 1}
Action: {'action_type': 'PLAY', 'card_index': 1, 'color': None, 'rank': None, 'target_offset': None}

--- Turn 17: Player 1 (GeminiAgent) ---
Information tokens: 1/8
Life tokens: 3/3
Fireworks: {'R': 0, 'Y': 2, 'G': 1, 'W': 0, 'B': 2}
Action: {'action_type': 'REVEAL_RANK', 'card_index': None, 'color': None, 'rank': 0, 'target_offset': 1}

--- Turn 18: Player 2 (GeminiAgent) ---
Information tokens: 0/8
Life tokens: 3/3
Fireworks: {'R': 0, 'Y': 2, 'G': 1, 'W': 0, 'B': 2}
Action: {'action_type': 'DISCARD', 'card_index': 1, 'color': None, 'rank': None, 'target_offset': None}

--- Turn 19: Player 1 (GeminiAgent) ---
Information tokens: 1/8
Life tokens: 3/3
Fireworks: {'R': 0, 'Y': 2, 'G': 1, 'W': 0, 'B': 2}
Action: {'action_type': 'REVEAL_RANK', 'card_index': None, 'color': None, 'rank': 0, 'target_offset': 1}

--- Turn 20: Player 2 (GeminiAgent) ---
Information tokens: 0/8
Life tokens: 3/3
Fireworks: {'R': 0, 'Y': 2, 'G': 1, 'W': 0, 'B': 2}
Action: {'action_type': 'DISCARD', 'card_index': 4, 'color': None, 'rank': None, 'target_offset': None}

--- Turn 21: Player 1 (GeminiAgent) ---
Information tokens: 1/8
Life tokens: 3/3
Fireworks: {'R': 0, 'Y': 2, 'G': 1, 'W': 0, 'B': 2}
Action: {'action_type': 'REVEAL_RANK', 'card_index': None, 'color': None, 'rank': 0, 'target_offset': 1}

--- Turn 22: Player 2 (GeminiAgent) ---
Information tokens: 0/8
Life tokens: 3/3
Fireworks: {'R': 0, 'Y': 2, 'G': 1, 'W': 0, 'B': 2}
Action: {'action_type': 'DISCARD', 'card_index': 4, 'color': None, 'rank': None, 'target_offset': None}

--- Turn 23: Player 1 (GeminiAgent) ---
Information tokens: 1/8
Life tokens: 3/3
Fireworks: {'R': 0, 'Y': 2, 'G': 1, 'W': 0, 'B': 2}
Action: {'action_type': 'REVEAL_RANK', 'card_index': None, 'color': None, 'rank': 2, 'target_offset': 1}

--- Turn 24: Player 2 (GeminiAgent) ---
Information tokens: 0/8
Life tokens: 3/3
Fireworks: {'R': 0, 'Y': 2, 'G': 1, 'W': 0, 'B': 2}
Action: {'action_type': 'DISCARD', 'card_index': 1, 'color': None, 'rank': None, 'target_offset': None}

--- Turn 25: Player 1 (GeminiAgent) ---
Information tokens: 1/8
Life tokens: 3/3
Fireworks: {'R': 0, 'Y': 2, 'G': 1, 'W': 0, 'B': 2}
Action: {'action_type': 'DISCARD', 'card_index': 4, 'color': None, 'rank': None, 'target_offset': None}

--- Turn 26: Player 2 (GeminiAgent) ---
Information tokens: 2/8
Life tokens: 3/3
Fireworks: {'R': 0, 'Y': 2, 'G': 1, 'W': 0, 'B': 2}
Action: {'action_type': 'REVEAL_RANK', 'card_index': None, 'color': None, 'rank': 2, 'target_offset': 1}

--- Turn 27: Player 1 (GeminiAgent) ---
Information tokens: 1/8
Life tokens: 3/3
Fireworks: {'R': 0, 'Y': 2, 'G': 1, 'W': 0, 'B': 2}
Action: {'action_type': 'PLAY', 'card_index': 3, 'color': None, 'rank': None, 'target_offset': None}

--- Turn 28: Player 2 (GeminiAgent) ---
Information tokens: 1/8
Life tokens: 3/3
Fireworks: {'R': 0, 'Y': 2, 'G': 1, 'W': 0, 'B': 3}
Action: {'action_type': 'DISCARD', 'card_index': 4, 'color': None, 'rank': None, 'target_offset': None}

--- Turn 29: Player 1 (GeminiAgent) ---
Information tokens: 2/8
Life tokens: 3/3
Fireworks: {'R': 0, 'Y': 2, 'G': 1, 'W': 0, 'B': 3}
Action: {'action_type': 'REVEAL_RANK', 'rank': 0, 'target_offset': 1, 'card_index': None, 'color': None}

--- Turn 30: Player 2 (GeminiAgent) ---
Information tokens: 1/8
Life tokens: 3/3
Fireworks: {'R': 0, 'Y': 2, 'G': 1, 'W': 0, 'B': 3}
Action: {'action_type': 'DISCARD', 'card_index': 4, 'color': None, 'rank': None, 'target_offset': None}

--- Turn 31: Player 1 (GeminiAgent) ---
Information tokens: 2/8
Life tokens: 3/3
Fireworks: {'R': 0, 'Y': 2, 'G': 1, 'W': 0, 'B': 3}
Action: {'action_type': 'REVEAL_RANK', 'card_index': None, 'color': None, 'rank': 0, 'target_offset': 1}

--- Turn 32: Player 2 (GeminiAgent) ---
Information tokens: 1/8
Life tokens: 3/3
Fireworks: {'R': 0, 'Y': 2, 'G': 1, 'W': 0, 'B': 3}
Action: {'action_type': 'DISCARD', 'card_index': 1, 'color': None, 'rank': None, 'target_offset': None}

--- Turn 33: Player 1 (GeminiAgent) ---
Information tokens: 2/8
Life tokens: 3/3
Fireworks: {'R': 0, 'Y': 2, 'G': 1, 'W': 0, 'B': 3}
Action: {'action_type': 'REVEAL_RANK', 'card_index': None, 'color': None, 'rank': 0, 'target_offset': 1}

--- Turn 34: Player 2 (GeminiAgent) ---
Information tokens: 1/8
Life tokens: 3/3
Fireworks: {'R': 0, 'Y': 2, 'G': 1, 'W': 0, 'B': 3}
Action: {'action_type': 'DISCARD', 'card_index': 4, 'color': None, 'rank': None, 'target_offset': None}

--- Turn 35: Player 1 (GeminiAgent) ---
Information tokens: 2/8
Life tokens: 3/3
Fireworks: {'R': 0, 'Y': 2, 'G': 1, 'W': 0, 'B': 3}
Action: {'action_type': 'REVEAL_RANK', 'rank': 0, 'target_offset': 1, 'card_index': None, 'color': None}

--- Turn 36: Player 2 (GeminiAgent) ---
Information tokens: 1/8
Life tokens: 3/3
Fireworks: {'R': 0, 'Y': 2, 'G': 1, 'W': 0, 'B': 3}
Action: {'action_type': 'DISCARD', 'card_index': 4, 'color': None, 'rank': None, 'target_offset': None}

--- Turn 37: Player 1 (GeminiAgent) ---
Information tokens: 2/8
Life tokens: 3/3
Fireworks: {'R': 0, 'Y': 2, 'G': 1, 'W': 0, 'B': 3}
Action: {'action_type': 'REVEAL_COLOR', 'card_index': None, 'color': 'W', 'rank': None, 'target_offset': 1}

--- Turn 38: Player 2 (GeminiAgent) ---
Information tokens: 1/8
Life tokens: 3/3
Fireworks: {'R': 0, 'Y': 2, 'G': 1, 'W': 0, 'B': 3}
Action: {'action_type': 'PLAY', 'card_index': 1, 'color': None, 'rank': None, 'target_offset': None}

--- Turn 39: Player 1 (GeminiAgent) ---
Information tokens: 1/8
Life tokens: 3/3
Fireworks: {'R': 0, 'Y': 2, 'G': 1, 'W': 1, 'B': 3}
Action: {'action_type': 'DISCARD', 'card_index': 0, 'color': None, 'rank': None, 'target_offset': None}

--- Turn 40: Player 2 (GeminiAgent) ---
Information tokens: 2/8
Life tokens: 3/3
Fireworks: {'R': 0, 'Y': 2, 'G': 1, 'W': 1, 'B': 3}
Action: {'action_type': 'DISCARD', 'card_index': 2, 'color': None, 'rank': None, 'target_offset': None}

--- Turn 41: Player 1 (GeminiAgent) ---
Information tokens: 3/8
Life tokens: 3/3
Fireworks: {'R': 0, 'Y': 2, 'G': 1, 'W': 1, 'B': 3}
Action: {'action_type': 'REVEAL_RANK', 'card_index': None, 'color': None, 'rank': 1, 'target_offset': 1}

--- Turn 42: Player 2 (GeminiAgent) ---
Information tokens: 2/8
Life tokens: 3/3
Fireworks: {'R': 0, 'Y': 2, 'G': 1, 'W': 1, 'B': 3}
Action: {'action_type': 'REVEAL_COLOR', 'card_index': None, 'color': 'G', 'rank': None, 'target_offset': 1}

--- Turn 43: Player 1 (GeminiAgent) ---
Information tokens: 1/8
Life tokens: 3/3
Fireworks: {'R': 0, 'Y': 2, 'G': 1, 'W': 1, 'B': 3}
Action: {'action_type': 'REVEAL_RANK', 'card_index': None, 'color': None, 'rank': 1, 'target_offset': 1}

--- Turn 44: Player 2 (GeminiAgent) ---
Information tokens: 0/8
Life tokens: 3/3
Fireworks: {'R': 0, 'Y': 2, 'G': 1, 'W': 1, 'B': 3}
Action: {'action_type': 'DISCARD', 'card_index': 1, 'color': None, 'rank': None, 'target_offset': None}

--- Turn 45: Player 1 (GeminiAgent) ---
Information tokens: 1/8
Life tokens: 3/3
Fireworks: {'R': 0, 'Y': 2, 'G': 1, 'W': 1, 'B': 3}
Action: {'action_type': 'DISCARD', 'card_index': 0, 'color': None, 'rank': None, 'target_offset': None}

--- Turn 46: Player 2 (GeminiAgent) ---
Information tokens: 2/8
Life tokens: 3/3
Fireworks: {'R': 0, 'Y': 2, 'G': 1, 'W': 1, 'B': 3}
Action: {'action_type': 'DISCARD', 'card_index': 2, 'color': None, 'rank': None, 'target_offset': None}

--- Turn 47: Player 1 (GeminiAgent) ---
Information tokens: 3/8
Life tokens: 3/3
Fireworks: {'R': 0, 'Y': 2, 'G': 1, 'W': 1, 'B': 3}
Action: {'action_type': 'REVEAL_RANK', 'card_index': None, 'color': None, 'rank': 1, 'target_offset': 1}

--- Turn 48: Player 2 (GeminiAgent) ---
Information tokens: 2/8
Life tokens: 3/3
Fireworks: {'R': 0, 'Y': 2, 'G': 1, 'W': 1, 'B': 3}
Action: {'action_type': 'REVEAL_RANK', 'card_index': None, 'color': None, 'rank': 0, 'target_offset': 1}

--- Turn 49: Player 1 (GeminiAgent) ---
Information tokens: 1/8
Life tokens: 3/3
Fireworks: {'R': 0, 'Y': 2, 'G': 1, 'W': 1, 'B': 3}
Action: {'action_type': 'REVEAL_RANK', 'rank': 1, 'target_offset': 1, 'card_index': None, 'color': None}

--- Turn 50: Player 2 (GeminiAgent) ---
Information tokens: 0/8
Life tokens: 3/3
Fireworks: {'R': 0, 'Y': 2, 'G': 1, 'W': 1, 'B': 3}
Action: {'action_type': 'DISCARD', 'card_index': 4, 'color': None, 'rank': None, 'target_offset': None}

--- Turn 51: Player 1 (GeminiAgent) ---
Information tokens: 1/8
Life tokens: 3/3
Fireworks: {'R': 0, 'Y': 2, 'G': 1, 'W': 1, 'B': 3}
Action: {'action_type': 'DISCARD', 'card_index': 1, 'color': None, 'rank': None, 'target_offset': None}

--- Turn 52: Player 2 (GeminiAgent) ---
Information tokens: 2/8
Life tokens: 3/3
Fireworks: {'R': 0, 'Y': 2, 'G': 1, 'W': 1, 'B': 3}
Action: {'action_type': 'REVEAL_RANK', 'card_index': None, 'color': None, 'rank': 0, 'target_offset': 1}

--- Turn 53: Player 1 (GeminiAgent) ---
Information tokens: 1/8
Life tokens: 3/3
Fireworks: {'R': 0, 'Y': 2, 'G': 1, 'W': 1, 'B': 3}
Action: {'action_type': 'PLAY', 'card_index': 1, 'color': None, 'rank': None, 'target_offset': None}

--- Turn 54: Player 2 (GeminiAgent) ---
Information tokens: 1/8
Life tokens: 2/3
Fireworks: {'R': 0, 'Y': 2, 'G': 1, 'W': 1, 'B': 3}
Action: {'action_type': 'DISCARD', 'card_index': 1, 'color': None, 'rank': None, 'target_offset': None}

--- Turn 55: Player 1 (GeminiAgent) ---
Information tokens: 2/8
Life tokens: 2/3
Fireworks: {'R': 0, 'Y': 2, 'G': 1, 'W': 1, 'B': 3}
Action: {'action_type': 'PLAY', 'card_index': 2, 'color': None, 'rank': None, 'target_offset': None}

--- Turn 56: Player 2 (GeminiAgent) ---
Information tokens: 2/8
Life tokens: 2/3
Fireworks: {'R': 1, 'Y': 2, 'G': 1, 'W': 1, 'B': 3}
Action: {'action_type': 'REVEAL_RANK', 'card_index': None, 'color': None, 'rank': 3, 'target_offset': 1}

--- Turn 57: Player 1 (GeminiAgent) ---
Information tokens: 1/8
Life tokens: 2/3
Fireworks: {'R': 1, 'Y': 2, 'G': 1, 'W': 1, 'B': 3}
Action: {'action_type': 'REVEAL_RANK', 'card_index': None, 'color': None, 'rank': 1, 'target_offset': 1}

--- Turn 58: Player 2 (GeminiAgent) ---
Information tokens: 0/8
Life tokens: 2/3
Fireworks: {'R': 1, 'Y': 2, 'G': 1, 'W': 1, 'B': 3}
Action: {'action_type': 'PLAY', 'card_index': 1, 'color': None, 'rank': None, 'target_offset': None}

--- Turn 59: Player 1 (GeminiAgent) ---
Information tokens: 0/8
Life tokens: 2/3
Fireworks: {'R': 1, 'Y': 2, 'G': 1, 'W': 2, 'B': 3}
Action: {'action_type': 'DISCARD', 'card_index': 0, 'color': None, 'rank': None, 'target_offset': None}

--- Turn 60: Player 2 (GeminiAgent) ---
Information tokens: 1/8
Life tokens: 2/3
Fireworks: {'R': 1, 'Y': 2, 'G': 1, 'W': 2, 'B': 3}
Action: {'action_type': 'REVEAL_COLOR', 'card_index': None, 'color': 'Y', 'rank': None, 'target_offset': 1}

--- Turn 61: Player 1 (GeminiAgent) ---
Information tokens: 0/8
Life tokens: 2/3
Fireworks: {'R': 1, 'Y': 2, 'G': 1, 'W': 2, 'B': 3}
Action: {'action_type': 'DISCARD', 'card_index': 1, 'color': None, 'rank': None, 'target_offset': None}

--- Turn 62: Player 2 (GeminiAgent) ---
Information tokens: 1/8
Life tokens: 2/3
Fireworks: {'R': 1, 'Y': 2, 'G': 1, 'W': 2, 'B': 3}
Action: {'action_type': 'DISCARD', 'card_index': 0, 'color': None, 'rank': None, 'target_offset': None}

--- Turn 63: Player 1 (GeminiAgent) ---
Information tokens: 2/8
Life tokens: 2/3
Fireworks: {'R': 1, 'Y': 2, 'G': 1, 'W': 2, 'B': 3}
Action: {'action_type': 'DISCARD', 'card_index': 1, 'color': None, 'rank': None, 'target_offset': None}

--- Turn 64: Player 2 (GeminiAgent) ---
Information tokens: 3/8
Life tokens: 2/3
Fireworks: {'R': 1, 'Y': 2, 'G': 1, 'W': 2, 'B': 3}
Action: {'action_type': 'DISCARD', 'card_index': 0, 'color': None, 'rank': None, 'target_offset': None}

--- Turn 65: Player 1 (GeminiAgent) ---
Information tokens: 4/8
Life tokens: 2/3
Fireworks: {'R': 1, 'Y': 2, 'G': 1, 'W': 2, 'B': 3}
Action: {'action_type': 'REVEAL_RANK', 'card_index': None, 'color': None, 'rank': 2, 'target_offset': 1}

--- Turn 66: Player 2 (GeminiAgent) ---
Information tokens: 3/8
Life tokens: 2/3
Fireworks: {'R': 1, 'Y': 2, 'G': 1, 'W': 2, 'B': 3}
Action: {'action_type': 'REVEAL_RANK', 'card_index': None, 'color': None, 'rank': 3, 'target_offset': 1}

--- Turn 67: Player 1 (GeminiAgent) ---
Information tokens: 2/8
Life tokens: 2/3
Fireworks: {'R': 1, 'Y': 2, 'G': 1, 'W': 2, 'B': 3}
Action: {'action_type': 'DISCARD', 'card_index': 2, 'color': None, 'rank': None, 'target_offset': None}

--- Turn 68: Player 2 (GeminiAgent) ---
Information tokens: 3/8
Life tokens: 2/3
Fireworks: {'R': 1, 'Y': 2, 'G': 1, 'W': 2, 'B': 3}
Action: {'action_type': 'REVEAL_COLOR', 'color': 'Y', 'rank': None, 'target_offset': 1, 'card_index': None}

--- Turn 69: Player 1 (GeminiAgent) ---
Information tokens: 2/8
Life tokens: 2/3
Fireworks: {'R': 1, 'Y': 2, 'G': 1, 'W': 2, 'B': 3}
Action: {'action_type': 'REVEAL_COLOR', 'color': 'W', 'target_offset': 1, 'card_index': None, 'rank': None}

--- Turn 70: Player 2 (GeminiAgent) ---
Information tokens: 1/8
Life tokens: 2/3
Fireworks: {'R': 1, 'Y': 2, 'G': 1, 'W': 2, 'B': 3}
Action: {'action_type': 'PLAY', 'card_index': 4, 'color': None, 'rank': None, 'target_offset': None}

--- Turn 71: Player 1 (GeminiAgent) ---
Information tokens: 1/8
Life tokens: 2/3
Fireworks: {'R': 1, 'Y': 2, 'G': 1, 'W': 3, 'B': 3}
Action: {'action_type': 'REVEAL_RANK', 'card_index': None, 'color': None, 'rank': 3, 'target_offset': 1}

--- Turn 72: Player 2 (GeminiAgent) ---
Information tokens: 0/8
Life tokens: 2/3
Fireworks: {'R': 1, 'Y': 2, 'G': 1, 'W': 3, 'B': 3}
Action: {'action_type': 'PLAY', 'card_index': 2, 'color': None, 'rank': None, 'target_offset': None}

--- Turn 73: Player 1 (GeminiAgent) ---
Information tokens: 0/8
Life tokens: 2/3
Fireworks: {'R': 1, 'Y': 2, 'G': 1, 'W': 4, 'B': 3}
Action: {'action_type': 'DISCARD', 'card_index': 0, 'color': None, 'rank': None, 'target_offset': None}

--- Turn 74: Player 2 (GeminiAgent) ---
Information tokens: 1/8
Life tokens: 2/3
Fireworks: {'R': 1, 'Y': 2, 'G': 1, 'W': 4, 'B': 3}
Action: {'action_type': 'REVEAL_COLOR', 'card_index': None, 'color': 'Y', 'rank': None, 'target_offset': 1}

--- Turn 75: Player 1 (GeminiAgent) ---
Information tokens: 0/8
Life tokens: 2/3
Fireworks: {'R': 1, 'Y': 2, 'G': 1, 'W': 4, 'B': 3}
Action: {'action_type': 'DISCARD', 'card_index': 1, 'color': None, 'rank': None, 'target_offset': None}

--- Turn 76: Player 2 (GeminiAgent) ---
Information tokens: 1/8
Life tokens: 2/3
Fireworks: {'R': 1, 'Y': 2, 'G': 1, 'W': 4, 'B': 3}
Action: {'action_type': 'REVEAL_RANK', 'card_index': None, 'color': None, 'rank': 0, 'target_offset': 1}

--- Turn 77: Player 1 (GeminiAgent) ---
Information tokens: 0/8
Life tokens: 2/3
Fireworks: {'R': 1, 'Y': 2, 'G': 1, 'W': 4, 'B': 3}
Action: {'action_type': 'PLAY', 'card_index': 2, 'color': None, 'rank': None, 'target_offset': None}

Episode 1 completed with reward: 12
Fireworks built this episode: 12 (max reached: 12)
Episode 1/1 completed - Reward: 12 | Fireworks built: 12 (max: 12)
Best so far: 12 | Average: 12.0

============================================================
FINAL RESULTS
============================================================
Episodes played: 1
Total reward: 12
Average reward: 12.00
Best reward: 12
Episode rewards: [12]
Episode fireworks built: [12]
Episode peak fireworks: [12]
[Mixed Agents] Episodes: 12 | Avg Fireworks: 12 out of 25
