Starting 1 episodes with 2 players
Agent configuration:
  Player 1: BeliefGraphAgent (certainty)
  Player 2: BeliefGraphAgent (certainty)
Created Player 1: BeliefGraphAgent (certainty)
Created Player 2: BeliefGraphAgent (certainty)

============================================================
EPISODE 1 START
============================================================

--- Turn 1: Player 1 (BeliefGraphCertaintyAgent) ---
Information tokens: 8/8
Life tokens: 3/3
Fireworks: {'R': 0, 'Y': 0, 'G': 0, 'W': 0, 'B': 0}
Action: {'action_type': 'REVEAL_RANK', 'rank': 1, 'target_offset': 1, 'card_index': None, 'color': None}

--- Turn 2: Player 2 (BeliefGraphCertaintyAgent) ---
Information tokens: 7/8
Life tokens: 3/3
Fireworks: {'R': 0, 'Y': 0, 'G': 0, 'W': 0, 'B': 0}
Action: {'action_type': 'REVEAL_RANK', 'rank': 1, 'target_offset': 1, 'card_index': None, 'color': None}

--- Turn 3: Player 1 (BeliefGraphCertaintyAgent) ---
Information tokens: 6/8
Life tokens: 3/3
Fireworks: {'R': 0, 'Y': 0, 'G': 0, 'W': 0, 'B': 0}
Action: {'action_type': 'REVEAL_RANK', 'rank': 1, 'target_offset': 1, 'card_index': None, 'color': None}

--- Turn 4: Player 2 (BeliefGraphCertaintyAgent) ---
Information tokens: 5/8
Life tokens: 3/3
Fireworks: {'R': 0, 'Y': 0, 'G': 0, 'W': 0, 'B': 0}
Action: {'action_type': 'REVEAL_RANK', 'rank': 1, 'target_offset': 1, 'card_index': None, 'color': None}

--- Turn 5: Player 1 (BeliefGraphCertaintyAgent) ---
Information tokens: 4/8
Life tokens: 3/3
Fireworks: {'R': 0, 'Y': 0, 'G': 0, 'W': 0, 'B': 0}
Action: {'action_type': 'REVEAL_RANK', 'rank': 1, 'target_offset': 1, 'card_index': None, 'color': None}

--- Turn 6: Player 2 (BeliefGraphCertaintyAgent) ---
Information tokens: 3/8
Life tokens: 3/3
Fireworks: {'R': 0, 'Y': 0, 'G': 0, 'W': 0, 'B': 0}
Action: {'action_type': 'PLAY', 'card_index': 1, 'color': None, 'rank': None, 'target_offset': None}

--- Turn 7: Player 1 (BeliefGraphCertaintyAgent) ---
Information tokens: 3/8
Life tokens: 2/3
Fireworks: {'R': 0, 'Y': 0, 'G': 0, 'W': 0, 'B': 0}
Action: {'action_type': 'REVEAL_RANK', 'rank': 1, 'target_offset': 1, 'card_index': None, 'color': None}

--- Turn 8: Player 2 (BeliefGraphCertaintyAgent) ---
Information tokens: 2/8
Life tokens: 2/3
Fireworks: {'R': 0, 'Y': 0, 'G': 0, 'W': 0, 'B': 0}
Action: {'action_type': 'PLAY', 'card_index': 4, 'color': None, 'rank': None, 'target_offset': None}

--- Turn 9: Player 1 (BeliefGraphCertaintyAgent) ---
Information tokens: 2/8
Life tokens: 1/3
Fireworks: {'R': 0, 'Y': 0, 'G': 0, 'W': 0, 'B': 0}
Action: {'action_type': 'DISCARD', 'card_index': 2, 'color': None, 'rank': None, 'target_offset': None}

--- Turn 10: Player 2 (BeliefGraphCertaintyAgent) ---
Information tokens: 3/8
Life tokens: 1/3
Fireworks: {'R': 0, 'Y': 0, 'G': 0, 'W': 0, 'B': 0}
Action: {'action_type': 'REVEAL_COLOR', 'color': 'B', 'target_offset': 1, 'card_index': None}

--- Turn 11: Player 1 (BeliefGraphCertaintyAgent) ---
Information tokens: 2/8
Life tokens: 1/3
Fireworks: {'R': 0, 'Y': 0, 'G': 0, 'W': 0, 'B': 0}
Action: {'action_type': 'REVEAL_COLOR', 'target_offset': 1, 'color': 'B', 'card_index': None}

--- Turn 12: Player 2 (BeliefGraphCertaintyAgent) ---
Information tokens: 1/8
Life tokens: 1/3
Fireworks: {'R': 0, 'Y': 0, 'G': 0, 'W': 0, 'B': 0}
Action: {'action_type': 'REVEAL_COLOR', 'card_index': None, 'color': 'W', 'rank': None, 'target_offset': 1}

--- Turn 13: Player 1 (BeliefGraphCertaintyAgent) ---
Information tokens: 0/8
Life tokens: 1/3
Fireworks: {'R': 0, 'Y': 0, 'G': 0, 'W': 0, 'B': 0}
Action: {'action_type': 'DISCARD', 'card_index': 0, 'color': None, 'rank': None, 'target_offset': None}

--- Turn 14: Player 2 (BeliefGraphCertaintyAgent) ---
Information tokens: 1/8
Life tokens: 1/3
Fireworks: {'R': 0, 'Y': 0, 'G': 0, 'W': 0, 'B': 0}
Action: {'action_type': 'REVEAL_COLOR', 'color': 'B', 'target_offset': 1, 'card_index': None}

--- Turn 15: Player 1 (BeliefGraphCertaintyAgent) ---
Information tokens: 0/8
Life tokens: 1/3
Fireworks: {'R': 0, 'Y': 0, 'G': 0, 'W': 0, 'B': 0}
Action: {'action_type': 'DISCARD', 'card_index': 0, 'color': None, 'rank': None, 'target_offset': None}

--- Turn 16: Player 2 (BeliefGraphCertaintyAgent) ---
Information tokens: 1/8
Life tokens: 1/3
Fireworks: {'R': 0, 'Y': 0, 'G': 0, 'W': 0, 'B': 0}
Action: {'action_type': 'REVEAL_COLOR', 'color': 'B', 'target_offset': 1, 'card_index': None}

--- Turn 17: Player 1 (BeliefGraphCertaintyAgent) ---
Information tokens: 0/8
Life tokens: 1/3
Fireworks: {'R': 0, 'Y': 0, 'G': 0, 'W': 0, 'B': 0}
Action: {'action_type': 'DISCARD', 'card_index': 2, 'color': None, 'rank': None, 'target_offset': None}

--- Turn 18: Player 2 (BeliefGraphCertaintyAgent) ---
Information tokens: 1/8
Life tokens: 1/3
Fireworks: {'R': 0, 'Y': 0, 'G': 0, 'W': 0, 'B': 0}
Action: {'action_type': 'REVEAL_COLOR', 'color': 'B', 'target_offset': 1, 'card_index': None}

--- Turn 19: Player 1 (BeliefGraphCertaintyAgent) ---
Information tokens: 0/8
Life tokens: 1/3
Fireworks: {'R': 0, 'Y': 0, 'G': 0, 'W': 0, 'B': 0}
Action: {'action_type': 'DISCARD', 'card_index': 1, 'color': None, 'rank': None, 'target_offset': None}

--- Turn 20: Player 2 (BeliefGraphCertaintyAgent) ---
Information tokens: 1/8
Life tokens: 1/3
Fireworks: {'R': 0, 'Y': 0, 'G': 0, 'W': 0, 'B': 0}
Action: {'action_type': 'REVEAL_COLOR', 'color': 'B', 'target_offset': 1, 'card_index': None}

--- Turn 21: Player 1 (BeliefGraphCertaintyAgent) ---
Information tokens: 0/8
Life tokens: 1/3
Fireworks: {'R': 0, 'Y': 0, 'G': 0, 'W': 0, 'B': 0}
Action: {'action_type': 'DISCARD', 'card_index': 0, 'color': None, 'rank': None, 'target_offset': None}

--- Turn 22: Player 2 (BeliefGraphCertaintyAgent) ---
Information tokens: 1/8
Life tokens: 1/3
Fireworks: {'R': 0, 'Y': 0, 'G': 0, 'W': 0, 'B': 0}
Action: {'action_type': 'REVEAL_COLOR', 'color': 'W', 'target_offset': 1, 'card_index': None}

--- Turn 23: Player 1 (BeliefGraphCertaintyAgent) ---
Information tokens: 0/8
Life tokens: 1/3
Fireworks: {'R': 0, 'Y': 0, 'G': 0, 'W': 0, 'B': 0}
Action: {'action_type': 'DISCARD', 'card_index': 0, 'color': None, 'rank': None, 'target_offset': None}

--- Turn 24: Player 2 (BeliefGraphCertaintyAgent) ---
Information tokens: 1/8
Life tokens: 1/3
Fireworks: {'R': 0, 'Y': 0, 'G': 0, 'W': 0, 'B': 0}
Action: {'action_type': 'DISCARD', 'card_index': 1, 'color': None, 'rank': None, 'target_offset': None}

--- Turn 25: Player 1 (BeliefGraphCertaintyAgent) ---
Information tokens: 2/8
Life tokens: 1/3
Fireworks: {'R': 0, 'Y': 0, 'G': 0, 'W': 0, 'B': 0}
Action: {'action_type': 'REVEAL_COLOR', 'color': 'G', 'target_offset': 1, 'card_index': None}

--- Turn 26: Player 2 (BeliefGraphCertaintyAgent) ---
Information tokens: 1/8
Life tokens: 1/3
Fireworks: {'R': 0, 'Y': 0, 'G': 0, 'W': 0, 'B': 0}
Action: {'action_type': 'REVEAL_COLOR', 'card_index': None, 'color': 'G', 'rank': None, 'target_offset': 1}

--- Turn 27: Player 1 (BeliefGraphCertaintyAgent) ---
Information tokens: 0/8
Life tokens: 1/3
Fireworks: {'R': 0, 'Y': 0, 'G': 0, 'W': 0, 'B': 0}
Action: {'action_type': 'DISCARD', 'card_index': 0, 'color': None, 'rank': None, 'target_offset': None}

--- Turn 28: Player 2 (BeliefGraphCertaintyAgent) ---
Information tokens: 1/8
Life tokens: 1/3
Fireworks: {'R': 0, 'Y': 0, 'G': 0, 'W': 0, 'B': 0}
Action: {'action_type': 'REVEAL_COLOR', 'color': 'R', 'target_offset': 1, 'card_index': None}

--- Turn 29: Player 1 (BeliefGraphCertaintyAgent) ---
Information tokens: 0/8
Life tokens: 1/3
Fireworks: {'R': 0, 'Y': 0, 'G': 0, 'W': 0, 'B': 0}
Action: {'action_type': 'DISCARD', 'card_index': 0, 'color': None, 'rank': None, 'target_offset': None}

--- Turn 30: Player 2 (BeliefGraphCertaintyAgent) ---
Information tokens: 1/8
Life tokens: 1/3
Fireworks: {'R': 0, 'Y': 0, 'G': 0, 'W': 0, 'B': 0}
Action: {'action_type': 'REVEAL_COLOR', 'card_index': None, 'color': 'G', 'rank': None, 'target_offset': 1}

--- Turn 31: Player 1 (BeliefGraphCertaintyAgent) ---
Information tokens: 0/8
Life tokens: 1/3
Fireworks: {'R': 0, 'Y': 0, 'G': 0, 'W': 0, 'B': 0}
Action: {'action_type': 'DISCARD', 'card_index': 0, 'color': None, 'rank': None, 'target_offset': None}

--- Turn 32: Player 2 (BeliefGraphCertaintyAgent) ---
Information tokens: 1/8
Life tokens: 1/3
Fireworks: {'R': 0, 'Y': 0, 'G': 0, 'W': 0, 'B': 0}
Action: {'action_type': 'REVEAL_COLOR', 'card_index': None, 'color': 'G', 'rank': None, 'target_offset': 1}

--- Turn 33: Player 1 (BeliefGraphCertaintyAgent) ---
Information tokens: 0/8
Life tokens: 1/3
Fireworks: {'R': 0, 'Y': 0, 'G': 0, 'W': 0, 'B': 0}
Action: {'action_type': 'DISCARD', 'card_index': 0, 'color': None, 'rank': None, 'target_offset': None}

--- Turn 34: Player 2 (BeliefGraphCertaintyAgent) ---
Information tokens: 1/8
Life tokens: 1/3
Fireworks: {'R': 0, 'Y': 0, 'G': 0, 'W': 0, 'B': 0}
Action: {'action_type': 'REVEAL_COLOR', 'card_index': None, 'color': 'G', 'rank': None, 'target_offset': 1}

--- Turn 35: Player 1 (BeliefGraphCertaintyAgent) ---
Information tokens: 0/8
Life tokens: 1/3
Fireworks: {'R': 0, 'Y': 0, 'G': 0, 'W': 0, 'B': 0}
Action: {'action_type': 'DISCARD', 'card_index': 0, 'color': None, 'rank': None, 'target_offset': None}

--- Turn 36: Player 2 (BeliefGraphCertaintyAgent) ---
Information tokens: 1/8
Life tokens: 1/3
Fireworks: {'R': 0, 'Y': 0, 'G': 0, 'W': 0, 'B': 0}
Action: {'action_type': 'REVEAL_COLOR', 'color': 'Y', 'target_offset': 1, 'card_index': None}

--- Turn 37: Player 1 (BeliefGraphCertaintyAgent) ---
Information tokens: 0/8
Life tokens: 1/3
Fireworks: {'R': 0, 'Y': 0, 'G': 0, 'W': 0, 'B': 0}
Action: {'action_type': 'DISCARD', 'card_index': 0, 'color': None, 'rank': None, 'target_offset': None}

--- Turn 38: Player 2 (BeliefGraphCertaintyAgent) ---
Information tokens: 1/8
Life tokens: 1/3
Fireworks: {'R': 0, 'Y': 0, 'G': 0, 'W': 0, 'B': 0}
Action: {'action_type': 'REVEAL_COLOR', 'color': 'Y', 'target_offset': 1, 'card_index': None}

--- Turn 39: Player 1 (BeliefGraphCertaintyAgent) ---
Information tokens: 0/8
Life tokens: 1/3
Fireworks: {'R': 0, 'Y': 0, 'G': 0, 'W': 0, 'B': 0}
Action: {'action_type': 'DISCARD', 'card_index': 3, 'color': None, 'rank': None, 'target_offset': None}

--- Turn 40: Player 2 (BeliefGraphCertaintyAgent) ---
Information tokens: 1/8
Life tokens: 1/3
Fireworks: {'R': 0, 'Y': 0, 'G': 0, 'W': 0, 'B': 0}
Action: {'action_type': 'REVEAL_COLOR', 'color': 'Y', 'target_offset': 1, 'card_index': None}

--- Turn 41: Player 1 (BeliefGraphCertaintyAgent) ---
Information tokens: 0/8
Life tokens: 1/3
Fireworks: {'R': 0, 'Y': 0, 'G': 0, 'W': 0, 'B': 0}
Action: {'action_type': 'DISCARD', 'card_index': 0, 'color': None, 'rank': None, 'target_offset': None}

--- Turn 42: Player 2 (BeliefGraphCertaintyAgent) ---
Information tokens: 1/8
Life tokens: 1/3
Fireworks: {'R': 0, 'Y': 0, 'G': 0, 'W': 0, 'B': 0}
Action: {'action_type': 'REVEAL_COLOR', 'card_index': None, 'color': 'G', 'rank': None, 'target_offset': 1}

--- Turn 43: Player 1 (BeliefGraphCertaintyAgent) ---
Information tokens: 0/8
Life tokens: 1/3
Fireworks: {'R': 0, 'Y': 0, 'G': 0, 'W': 0, 'B': 0}
Action: {'action_type': 'DISCARD', 'card_index': 0, 'color': None, 'rank': None, 'target_offset': None}

--- Turn 44: Player 2 (BeliefGraphCertaintyAgent) ---
Information tokens: 1/8
Life tokens: 1/3
Fireworks: {'R': 0, 'Y': 0, 'G': 0, 'W': 0, 'B': 0}
Action: {'action_type': 'REVEAL_COLOR', 'color': 'Y', 'target_offset': 1, 'card_index': None}

--- Turn 45: Player 1 (BeliefGraphCertaintyAgent) ---
Information tokens: 0/8
Life tokens: 1/3
Fireworks: {'R': 0, 'Y': 0, 'G': 0, 'W': 0, 'B': 0}
Action: {'action_type': 'DISCARD', 'card_index': 0, 'color': None, 'rank': None, 'target_offset': None}

--- Turn 46: Player 2 (BeliefGraphCertaintyAgent) ---
Information tokens: 1/8
Life tokens: 1/3
Fireworks: {'R': 0, 'Y': 0, 'G': 0, 'W': 0, 'B': 0}
Action: {'action_type': 'REVEAL_COLOR', 'color': 'Y', 'target_offset': 1, 'card_index': None}

--- Turn 47: Player 1 (BeliefGraphCertaintyAgent) ---
Information tokens: 0/8
Life tokens: 1/3
Fireworks: {'R': 0, 'Y': 0, 'G': 0, 'W': 0, 'B': 0}
Action: {'action_type': 'DISCARD', 'card_index': 0, 'color': None, 'rank': None, 'target_offset': None}

--- Turn 48: Player 2 (BeliefGraphCertaintyAgent) ---
Information tokens: 1/8
Life tokens: 1/3
Fireworks: {'R': 0, 'Y': 0, 'G': 0, 'W': 0, 'B': 0}
Action: {'action_type': 'REVEAL_COLOR', 'color': 'R', 'target_offset': 1, 'card_index': None}

--- Turn 49: Player 1 (BeliefGraphCertaintyAgent) ---
Information tokens: 0/8
Life tokens: 1/3
Fireworks: {'R': 0, 'Y': 0, 'G': 0, 'W': 0, 'B': 0}
Action: {'action_type': 'DISCARD', 'card_index': 0, 'color': None, 'rank': None, 'target_offset': None}

--- Turn 50: Player 2 (BeliefGraphCertaintyAgent) ---
Information tokens: 1/8
Life tokens: 1/3
Fireworks: {'R': 0, 'Y': 0, 'G': 0, 'W': 0, 'B': 0}
Action: {'action_type': 'REVEAL_COLOR', 'color': 'G', 'target_offset': 1, 'card_index': None}

--- Turn 51: Player 1 (BeliefGraphCertaintyAgent) ---
Information tokens: 0/8
Life tokens: 1/3
Fireworks: {'R': 0, 'Y': 0, 'G': 0, 'W': 0, 'B': 0}
Action: {'action_type': 'DISCARD', 'card_index': 0, 'color': None, 'rank': None, 'target_offset': None}

--- Turn 52: Player 2 (BeliefGraphCertaintyAgent) ---
Information tokens: 1/8
Life tokens: 1/3
Fireworks: {'R': 0, 'Y': 0, 'G': 0, 'W': 0, 'B': 0}
Action: {'action_type': 'DISCARD', 'card_index': 1, 'color': None, 'rank': None, 'target_offset': None}

--- Turn 53: Player 1 (BeliefGraphCertaintyAgent) ---
Information tokens: 2/8
Life tokens: 1/3
Fireworks: {'R': 0, 'Y': 0, 'G': 0, 'W': 0, 'B': 0}
Action: {'action_type': 'REVEAL_COLOR', 'color': 'G', 'target_offset': 1, 'card_index': None}

--- Turn 54: Player 2 (BeliefGraphCertaintyAgent) ---
Information tokens: 1/8
Life tokens: 1/3
Fireworks: {'R': 0, 'Y': 0, 'G': 0, 'W': 0, 'B': 0}
Action: {'action_type': 'DISCARD', 'card_index': 0, 'color': None, 'rank': None, 'target_offset': None}

--- Turn 55: Player 1 (BeliefGraphCertaintyAgent) ---
Information tokens: 2/8
Life tokens: 1/3
Fireworks: {'R': 0, 'Y': 0, 'G': 0, 'W': 0, 'B': 0}
Action: {'action_type': 'REVEAL_RANK', 'rank': 1, 'target_offset': 1, 'card_index': None, 'color': None}

--- Turn 56: Player 2 (BeliefGraphCertaintyAgent) ---
Information tokens: 1/8
Life tokens: 1/3
Fireworks: {'R': 0, 'Y': 0, 'G': 0, 'W': 0, 'B': 0}
Action: {'action_type': 'REVEAL_RANK', 'card_index': None, 'color': None, 'rank': 1, 'target_offset': 1}

--- Turn 57: Player 1 (BeliefGraphCertaintyAgent) ---
Information tokens: 0/8
Life tokens: 1/3
Fireworks: {'R': 0, 'Y': 0, 'G': 0, 'W': 0, 'B': 0}
Action: {'action_type': 'DISCARD', 'card_index': 1, 'color': None, 'rank': None, 'target_offset': None}

--- Turn 58: Player 2 (BeliefGraphCertaintyAgent) ---
Information tokens: 1/8
Life tokens: 1/3
Fireworks: {'R': 0, 'Y': 0, 'G': 0, 'W': 0, 'B': 0}
Action: {'action_type': 'PLAY', 'card_index': 4, 'color': None, 'rank': None, 'target_offset': None}

Episode 1 completed with reward: 0
Episode 1/1 completed - Reward: 0
Best so far: 0 | Average: 0.0

============================================================
FINAL RESULTS
============================================================
Episodes played: 1
Total reward: 0
Average reward: 0.00
Best reward: 0
Episode rewards: [0]
[Mixed Agents] Episodes: 0 | Avg: 0 out of 25
